Archive member included because of file (symbol)

c:/program files (x86)/atmel/atmel toolchain/avr8 gcc/native/3.4.1061/avr8-gnu-toolchain/bin/../lib/gcc/avr/4.8.1/avr6\libgcc.a(_udivmodsi4.o)
                              src/motor.o (__udivmodsi4)
c:/program files (x86)/atmel/atmel toolchain/avr8 gcc/native/3.4.1061/avr8-gnu-toolchain/bin/../lib/gcc/avr/4.8.1/avr6\libgcc.a(_exit.o)
                              c:/program files (x86)/atmel/atmel toolchain/avr8 gcc/native/3.4.1061/avr8-gnu-toolchain/bin/../lib/gcc/avr/4.8.1/../../../../avr/lib/avr6/crtm2560.o (exit)
c:/program files (x86)/atmel/atmel toolchain/avr8 gcc/native/3.4.1061/avr8-gnu-toolchain/bin/../lib/gcc/avr/4.8.1/avr6\libgcc.a(_tablejump.o)
                              src/TWI_Master.o (__tablejump2__)
c:/program files (x86)/atmel/atmel toolchain/avr8 gcc/native/3.4.1061/avr8-gnu-toolchain/bin/../lib/gcc/avr/4.8.1/avr6\libgcc.a(_copy_data.o)
                              src/can.o (__do_copy_data)
c:/program files (x86)/atmel/atmel toolchain/avr8 gcc/native/3.4.1061/avr8-gnu-toolchain/bin/../lib/gcc/avr/4.8.1/avr6\libgcc.a(_clear_bss.o)
                              src/can.o (__do_clear_bss)
c:/program files (x86)/atmel/atmel toolchain/avr8 gcc/native/3.4.1061/avr8-gnu-toolchain/bin/../lib/gcc/avr/4.8.1/avr6\libgcc.a(_umulhisi3.o)
                              src/motor.o (__umulhisi3)
c:/program files (x86)/atmel/atmel toolchain/avr8 gcc/native/3.4.1061/avr8-gnu-toolchain/bin/../lib/gcc/avr/4.8.1/avr6\libgcc.a(_muluhisi3.o)
                              src/pi.o (__muluhisi3)
c:/program files (x86)/atmel/atmel toolchain/avr8 gcc/native/3.4.1061/avr8-gnu-toolchain/bin/../lib/gcc/avr/4.8.1/../../../../avr/lib/avr6\libc.a(fprintf.o)
                              src/can.o (fprintf)
c:/program files (x86)/atmel/atmel toolchain/avr8 gcc/native/3.4.1061/avr8-gnu-toolchain/bin/../lib/gcc/avr/4.8.1/../../../../avr/lib/avr6\libc.a(fputc.o)
                              src/can.o (fputc)
c:/program files (x86)/atmel/atmel toolchain/avr8 gcc/native/3.4.1061/avr8-gnu-toolchain/bin/../lib/gcc/avr/4.8.1/../../../../avr/lib/avr6\libc.a(fwrite.o)
                              src/dac.o (fwrite)
c:/program files (x86)/atmel/atmel toolchain/avr8 gcc/native/3.4.1061/avr8-gnu-toolchain/bin/../lib/gcc/avr/4.8.1/../../../../avr/lib/avr6\libc.a(vfprintf_std.o)
                              c:/program files (x86)/atmel/atmel toolchain/avr8 gcc/native/3.4.1061/avr8-gnu-toolchain/bin/../lib/gcc/avr/4.8.1/../../../../avr/lib/avr6\libc.a(fprintf.o) (vfprintf)
c:/program files (x86)/atmel/atmel toolchain/avr8 gcc/native/3.4.1061/avr8-gnu-toolchain/bin/../lib/gcc/avr/4.8.1/../../../../avr/lib/avr6\libc.a(strnlen_P.o)
                              c:/program files (x86)/atmel/atmel toolchain/avr8 gcc/native/3.4.1061/avr8-gnu-toolchain/bin/../lib/gcc/avr/4.8.1/../../../../avr/lib/avr6\libc.a(vfprintf_std.o) (strnlen_P)
c:/program files (x86)/atmel/atmel toolchain/avr8 gcc/native/3.4.1061/avr8-gnu-toolchain/bin/../lib/gcc/avr/4.8.1/../../../../avr/lib/avr6\libc.a(strnlen.o)
                              c:/program files (x86)/atmel/atmel toolchain/avr8 gcc/native/3.4.1061/avr8-gnu-toolchain/bin/../lib/gcc/avr/4.8.1/../../../../avr/lib/avr6\libc.a(vfprintf_std.o) (strnlen)
c:/program files (x86)/atmel/atmel toolchain/avr8 gcc/native/3.4.1061/avr8-gnu-toolchain/bin/../lib/gcc/avr/4.8.1/../../../../avr/lib/avr6\libc.a(ultoa_invert.o)
                              c:/program files (x86)/atmel/atmel toolchain/avr8 gcc/native/3.4.1061/avr8-gnu-toolchain/bin/../lib/gcc/avr/4.8.1/../../../../avr/lib/avr6\libc.a(vfprintf_std.o) (__ultoa_invert)

Allocating common symbols
Common symbol       size              file

regulator           0x8               src/motor.o
recv_buffer         0x80              src/uart.o

Discarded input sections

 .data          0x00000000        0x0 c:/program files (x86)/atmel/atmel toolchain/avr8 gcc/native/3.4.1061/avr8-gnu-toolchain/bin/../lib/gcc/avr/4.8.1/../../../../avr/lib/avr6/crtm2560.o
 .bss           0x00000000        0x0 c:/program files (x86)/atmel/atmel toolchain/avr8 gcc/native/3.4.1061/avr8-gnu-toolchain/bin/../lib/gcc/avr/4.8.1/../../../../avr/lib/avr6/crtm2560.o
 .text          0x00000000        0x0 src/can.o
 .data          0x00000000        0x0 src/can.o
 .bss           0x00000000        0x0 src/can.o
 .rodata.str1.1
                0x00000000        0xc src/can.o
 .text.can_print_msg
                0x00000000       0xd2 src/can.o
 .text          0x00000000        0x0 src/dac.o
 .data          0x00000000        0x0 src/dac.o
 .bss           0x00000000        0x0 src/dac.o
 .text          0x00000000        0x0 src/game_slave.o
 .data          0x00000000        0x0 src/game_slave.o
 .bss           0x00000000        0x0 src/game_slave.o
 .text          0x00000000        0x0 src/ir.o
 .data          0x00000000        0x0 src/ir.o
 .bss           0x00000000        0x0 src/ir.o
 .text          0x00000000        0x0 src/MCP2515.o
 .data          0x00000000        0x0 src/MCP2515.o
 .bss           0x00000000        0x0 src/MCP2515.o
 .text.mcp_read_buffer
                0x00000000       0x28 src/MCP2515.o
 .rodata.str1.1
                0x00000000       0x2d src/MCP2515.o
 .text.mcp_loopback_set
                0x00000000       0x48 src/MCP2515.o
 .text          0x00000000        0x0 src/main.o
 .data          0x00000000        0x0 src/main.o
 .bss           0x00000000        0x0 src/main.o
 .text          0x00000000        0x0 src/motor.o
 .data          0x00000000        0x0 src/motor.o
 .bss           0x00000000        0x0 src/motor.o
 .text.motor_encoder_convert_range
                0x00000000       0x2e src/motor.o
 .rodata.lowpass_enable
                0x00000000        0x2 src/motor.o
 .rodata.lowpass_coeff
                0x00000000        0x2 src/motor.o
 .text          0x00000000        0x0 src/pi.o
 .data          0x00000000        0x0 src/pi.o
 .bss           0x00000000        0x0 src/pi.o
 .text.pi_reset_integrator
                0x00000000        0xc src/pi.o
 .text          0x00000000        0x0 src/pwm.o
 .data          0x00000000        0x0 src/pwm.o
 .bss           0x00000000        0x0 src/pwm.o
 .text          0x00000000        0x0 src/solenoid.o
 .data          0x00000000        0x0 src/solenoid.o
 .bss           0x00000000        0x0 src/solenoid.o
 .text          0x00000000        0x0 src/spi_driver.o
 .data          0x00000000        0x0 src/spi_driver.o
 .bss           0x00000000        0x0 src/spi_driver.o
 .text          0x00000000        0x0 src/TWI_Master.o
 .data          0x00000000        0x0 src/TWI_Master.o
 .bss           0x00000000        0x0 src/TWI_Master.o
 .text.TWI_Transceiver_Busy
                0x00000000        0x8 src/TWI_Master.o
 .text.TWI_Get_State_Info
                0x00000000       0x10 src/TWI_Master.o
 .text.TWI_Start_Transceiver
                0x00000000       0x1c src/TWI_Master.o
 .text.TWI_Get_Data_From_Transceiver
                0x00000000       0x62 src/TWI_Master.o
 .text          0x00000000        0x0 src/uart.o
 .data          0x00000000        0x0 src/uart.o
 .bss           0x00000000        0x0 src/uart.o
 .text.uart_recv
                0x00000000       0x5e src/uart.o
 .data.uart_in  0x00000000        0xe src/uart.o
 .text          0x00000000        0x0 c:/program files (x86)/atmel/atmel toolchain/avr8 gcc/native/3.4.1061/avr8-gnu-toolchain/bin/../lib/gcc/avr/4.8.1/avr6\libgcc.a(_udivmodsi4.o)
 .data          0x00000000        0x0 c:/program files (x86)/atmel/atmel toolchain/avr8 gcc/native/3.4.1061/avr8-gnu-toolchain/bin/../lib/gcc/avr/4.8.1/avr6\libgcc.a(_udivmodsi4.o)
 .bss           0x00000000        0x0 c:/program files (x86)/atmel/atmel toolchain/avr8 gcc/native/3.4.1061/avr8-gnu-toolchain/bin/../lib/gcc/avr/4.8.1/avr6\libgcc.a(_udivmodsi4.o)
 .text.libgcc.mul
                0x00000000        0x0 c:/program files (x86)/atmel/atmel toolchain/avr8 gcc/native/3.4.1061/avr8-gnu-toolchain/bin/../lib/gcc/avr/4.8.1/avr6\libgcc.a(_udivmodsi4.o)
 .text.libgcc.div
                0x00000000       0x44 c:/program files (x86)/atmel/atmel toolchain/avr8 gcc/native/3.4.1061/avr8-gnu-toolchain/bin/../lib/gcc/avr/4.8.1/avr6\libgcc.a(_udivmodsi4.o)
 .text.libgcc   0x00000000        0x0 c:/program files (x86)/atmel/atmel toolchain/avr8 gcc/native/3.4.1061/avr8-gnu-toolchain/bin/../lib/gcc/avr/4.8.1/avr6\libgcc.a(_udivmodsi4.o)
 .text.libgcc.prologue
                0x00000000        0x0 c:/program files (x86)/atmel/atmel toolchain/avr8 gcc/native/3.4.1061/avr8-gnu-toolchain/bin/../lib/gcc/avr/4.8.1/avr6\libgcc.a(_udivmodsi4.o)
 .text.libgcc.builtins
                0x00000000        0x0 c:/program files (x86)/atmel/atmel toolchain/avr8 gcc/native/3.4.1061/avr8-gnu-toolchain/bin/../lib/gcc/avr/4.8.1/avr6\libgcc.a(_udivmodsi4.o)
 .text.libgcc.fmul
                0x00000000        0x0 c:/program files (x86)/atmel/atmel toolchain/avr8 gcc/native/3.4.1061/avr8-gnu-toolchain/bin/../lib/gcc/avr/4.8.1/avr6\libgcc.a(_udivmodsi4.o)
 .text.libgcc.fixed
                0x00000000        0x0 c:/program files (x86)/atmel/atmel toolchain/avr8 gcc/native/3.4.1061/avr8-gnu-toolchain/bin/../lib/gcc/avr/4.8.1/avr6\libgcc.a(_udivmodsi4.o)
 .text          0x00000000        0x0 c:/program files (x86)/atmel/atmel toolchain/avr8 gcc/native/3.4.1061/avr8-gnu-toolchain/bin/../lib/gcc/avr/4.8.1/avr6\libgcc.a(_exit.o)
 .data          0x00000000        0x0 c:/program files (x86)/atmel/atmel toolchain/avr8 gcc/native/3.4.1061/avr8-gnu-toolchain/bin/../lib/gcc/avr/4.8.1/avr6\libgcc.a(_exit.o)
 .bss           0x00000000        0x0 c:/program files (x86)/atmel/atmel toolchain/avr8 gcc/native/3.4.1061/avr8-gnu-toolchain/bin/../lib/gcc/avr/4.8.1/avr6\libgcc.a(_exit.o)
 .text.libgcc.mul
                0x00000000        0x0 c:/program files (x86)/atmel/atmel toolchain/avr8 gcc/native/3.4.1061/avr8-gnu-toolchain/bin/../lib/gcc/avr/4.8.1/avr6\libgcc.a(_exit.o)
 .text.libgcc.div
                0x00000000        0x0 c:/program files (x86)/atmel/atmel toolchain/avr8 gcc/native/3.4.1061/avr8-gnu-toolchain/bin/../lib/gcc/avr/4.8.1/avr6\libgcc.a(_exit.o)
 .text.libgcc   0x00000000        0x0 c:/program files (x86)/atmel/atmel toolchain/avr8 gcc/native/3.4.1061/avr8-gnu-toolchain/bin/../lib/gcc/avr/4.8.1/avr6\libgcc.a(_exit.o)
 .text.libgcc.prologue
                0x00000000        0x0 c:/program files (x86)/atmel/atmel toolchain/avr8 gcc/native/3.4.1061/avr8-gnu-toolchain/bin/../lib/gcc/avr/4.8.1/avr6\libgcc.a(_exit.o)
 .text.libgcc.builtins
                0x00000000        0x0 c:/program files (x86)/atmel/atmel toolchain/avr8 gcc/native/3.4.1061/avr8-gnu-toolchain/bin/../lib/gcc/avr/4.8.1/avr6\libgcc.a(_exit.o)
 .text.libgcc.fmul
                0x00000000        0x0 c:/program files (x86)/atmel/atmel toolchain/avr8 gcc/native/3.4.1061/avr8-gnu-toolchain/bin/../lib/gcc/avr/4.8.1/avr6\libgcc.a(_exit.o)
 .text.libgcc.fixed
                0x00000000        0x0 c:/program files (x86)/atmel/atmel toolchain/avr8 gcc/native/3.4.1061/avr8-gnu-toolchain/bin/../lib/gcc/avr/4.8.1/avr6\libgcc.a(_exit.o)
 .text          0x00000000        0x0 c:/program files (x86)/atmel/atmel toolchain/avr8 gcc/native/3.4.1061/avr8-gnu-toolchain/bin/../lib/gcc/avr/4.8.1/avr6\libgcc.a(_tablejump.o)
 .data          0x00000000        0x0 c:/program files (x86)/atmel/atmel toolchain/avr8 gcc/native/3.4.1061/avr8-gnu-toolchain/bin/../lib/gcc/avr/4.8.1/avr6\libgcc.a(_tablejump.o)
 .bss           0x00000000        0x0 c:/program files (x86)/atmel/atmel toolchain/avr8 gcc/native/3.4.1061/avr8-gnu-toolchain/bin/../lib/gcc/avr/4.8.1/avr6\libgcc.a(_tablejump.o)
 .text.libgcc.mul
                0x00000000        0x0 c:/program files (x86)/atmel/atmel toolchain/avr8 gcc/native/3.4.1061/avr8-gnu-toolchain/bin/../lib/gcc/avr/4.8.1/avr6\libgcc.a(_tablejump.o)
 .text.libgcc.div
                0x00000000        0x0 c:/program files (x86)/atmel/atmel toolchain/avr8 gcc/native/3.4.1061/avr8-gnu-toolchain/bin/../lib/gcc/avr/4.8.1/avr6\libgcc.a(_tablejump.o)
 .text.libgcc.prologue
                0x00000000        0x0 c:/program files (x86)/atmel/atmel toolchain/avr8 gcc/native/3.4.1061/avr8-gnu-toolchain/bin/../lib/gcc/avr/4.8.1/avr6\libgcc.a(_tablejump.o)
 .text.libgcc.builtins
                0x00000000        0x0 c:/program files (x86)/atmel/atmel toolchain/avr8 gcc/native/3.4.1061/avr8-gnu-toolchain/bin/../lib/gcc/avr/4.8.1/avr6\libgcc.a(_tablejump.o)
 .text.libgcc.fmul
                0x00000000        0x0 c:/program files (x86)/atmel/atmel toolchain/avr8 gcc/native/3.4.1061/avr8-gnu-toolchain/bin/../lib/gcc/avr/4.8.1/avr6\libgcc.a(_tablejump.o)
 .text.libgcc.fixed
                0x00000000        0x0 c:/program files (x86)/atmel/atmel toolchain/avr8 gcc/native/3.4.1061/avr8-gnu-toolchain/bin/../lib/gcc/avr/4.8.1/avr6\libgcc.a(_tablejump.o)
 .text          0x00000000        0x0 c:/program files (x86)/atmel/atmel toolchain/avr8 gcc/native/3.4.1061/avr8-gnu-toolchain/bin/../lib/gcc/avr/4.8.1/avr6\libgcc.a(_copy_data.o)
 .data          0x00000000        0x0 c:/program files (x86)/atmel/atmel toolchain/avr8 gcc/native/3.4.1061/avr8-gnu-toolchain/bin/../lib/gcc/avr/4.8.1/avr6\libgcc.a(_copy_data.o)
 .bss           0x00000000        0x0 c:/program files (x86)/atmel/atmel toolchain/avr8 gcc/native/3.4.1061/avr8-gnu-toolchain/bin/../lib/gcc/avr/4.8.1/avr6\libgcc.a(_copy_data.o)
 .text.libgcc.mul
                0x00000000        0x0 c:/program files (x86)/atmel/atmel toolchain/avr8 gcc/native/3.4.1061/avr8-gnu-toolchain/bin/../lib/gcc/avr/4.8.1/avr6\libgcc.a(_copy_data.o)
 .text.libgcc.div
                0x00000000        0x0 c:/program files (x86)/atmel/atmel toolchain/avr8 gcc/native/3.4.1061/avr8-gnu-toolchain/bin/../lib/gcc/avr/4.8.1/avr6\libgcc.a(_copy_data.o)
 .text.libgcc   0x00000000        0x0 c:/program files (x86)/atmel/atmel toolchain/avr8 gcc/native/3.4.1061/avr8-gnu-toolchain/bin/../lib/gcc/avr/4.8.1/avr6\libgcc.a(_copy_data.o)
 .text.libgcc.prologue
                0x00000000        0x0 c:/program files (x86)/atmel/atmel toolchain/avr8 gcc/native/3.4.1061/avr8-gnu-toolchain/bin/../lib/gcc/avr/4.8.1/avr6\libgcc.a(_copy_data.o)
 .text.libgcc.builtins
                0x00000000        0x0 c:/program files (x86)/atmel/atmel toolchain/avr8 gcc/native/3.4.1061/avr8-gnu-toolchain/bin/../lib/gcc/avr/4.8.1/avr6\libgcc.a(_copy_data.o)
 .text.libgcc.fmul
                0x00000000        0x0 c:/program files (x86)/atmel/atmel toolchain/avr8 gcc/native/3.4.1061/avr8-gnu-toolchain/bin/../lib/gcc/avr/4.8.1/avr6\libgcc.a(_copy_data.o)
 .text.libgcc.fixed
                0x00000000        0x0 c:/program files (x86)/atmel/atmel toolchain/avr8 gcc/native/3.4.1061/avr8-gnu-toolchain/bin/../lib/gcc/avr/4.8.1/avr6\libgcc.a(_copy_data.o)
 .text          0x00000000        0x0 c:/program files (x86)/atmel/atmel toolchain/avr8 gcc/native/3.4.1061/avr8-gnu-toolchain/bin/../lib/gcc/avr/4.8.1/avr6\libgcc.a(_clear_bss.o)
 .data          0x00000000        0x0 c:/program files (x86)/atmel/atmel toolchain/avr8 gcc/native/3.4.1061/avr8-gnu-toolchain/bin/../lib/gcc/avr/4.8.1/avr6\libgcc.a(_clear_bss.o)
 .bss           0x00000000        0x0 c:/program files (x86)/atmel/atmel toolchain/avr8 gcc/native/3.4.1061/avr8-gnu-toolchain/bin/../lib/gcc/avr/4.8.1/avr6\libgcc.a(_clear_bss.o)
 .text.libgcc.mul
                0x00000000        0x0 c:/program files (x86)/atmel/atmel toolchain/avr8 gcc/native/3.4.1061/avr8-gnu-toolchain/bin/../lib/gcc/avr/4.8.1/avr6\libgcc.a(_clear_bss.o)
 .text.libgcc.div
                0x00000000        0x0 c:/program files (x86)/atmel/atmel toolchain/avr8 gcc/native/3.4.1061/avr8-gnu-toolchain/bin/../lib/gcc/avr/4.8.1/avr6\libgcc.a(_clear_bss.o)
 .text.libgcc   0x00000000        0x0 c:/program files (x86)/atmel/atmel toolchain/avr8 gcc/native/3.4.1061/avr8-gnu-toolchain/bin/../lib/gcc/avr/4.8.1/avr6\libgcc.a(_clear_bss.o)
 .text.libgcc.prologue
                0x00000000        0x0 c:/program files (x86)/atmel/atmel toolchain/avr8 gcc/native/3.4.1061/avr8-gnu-toolchain/bin/../lib/gcc/avr/4.8.1/avr6\libgcc.a(_clear_bss.o)
 .text.libgcc.builtins
                0x00000000        0x0 c:/program files (x86)/atmel/atmel toolchain/avr8 gcc/native/3.4.1061/avr8-gnu-toolchain/bin/../lib/gcc/avr/4.8.1/avr6\libgcc.a(_clear_bss.o)
 .text.libgcc.fmul
                0x00000000        0x0 c:/program files (x86)/atmel/atmel toolchain/avr8 gcc/native/3.4.1061/avr8-gnu-toolchain/bin/../lib/gcc/avr/4.8.1/avr6\libgcc.a(_clear_bss.o)
 .text.libgcc.fixed
                0x00000000        0x0 c:/program files (x86)/atmel/atmel toolchain/avr8 gcc/native/3.4.1061/avr8-gnu-toolchain/bin/../lib/gcc/avr/4.8.1/avr6\libgcc.a(_clear_bss.o)
 .text          0x00000000        0x0 c:/program files (x86)/atmel/atmel toolchain/avr8 gcc/native/3.4.1061/avr8-gnu-toolchain/bin/../lib/gcc/avr/4.8.1/avr6\libgcc.a(_umulhisi3.o)
 .data          0x00000000        0x0 c:/program files (x86)/atmel/atmel toolchain/avr8 gcc/native/3.4.1061/avr8-gnu-toolchain/bin/../lib/gcc/avr/4.8.1/avr6\libgcc.a(_umulhisi3.o)
 .bss           0x00000000        0x0 c:/program files (x86)/atmel/atmel toolchain/avr8 gcc/native/3.4.1061/avr8-gnu-toolchain/bin/../lib/gcc/avr/4.8.1/avr6\libgcc.a(_umulhisi3.o)
 .text.libgcc.div
                0x00000000        0x0 c:/program files (x86)/atmel/atmel toolchain/avr8 gcc/native/3.4.1061/avr8-gnu-toolchain/bin/../lib/gcc/avr/4.8.1/avr6\libgcc.a(_umulhisi3.o)
 .text.libgcc   0x00000000        0x0 c:/program files (x86)/atmel/atmel toolchain/avr8 gcc/native/3.4.1061/avr8-gnu-toolchain/bin/../lib/gcc/avr/4.8.1/avr6\libgcc.a(_umulhisi3.o)
 .text.libgcc.prologue
                0x00000000        0x0 c:/program files (x86)/atmel/atmel toolchain/avr8 gcc/native/3.4.1061/avr8-gnu-toolchain/bin/../lib/gcc/avr/4.8.1/avr6\libgcc.a(_umulhisi3.o)
 .text.libgcc.builtins
                0x00000000        0x0 c:/program files (x86)/atmel/atmel toolchain/avr8 gcc/native/3.4.1061/avr8-gnu-toolchain/bin/../lib/gcc/avr/4.8.1/avr6\libgcc.a(_umulhisi3.o)
 .text.libgcc.fmul
                0x00000000        0x0 c:/program files (x86)/atmel/atmel toolchain/avr8 gcc/native/3.4.1061/avr8-gnu-toolchain/bin/../lib/gcc/avr/4.8.1/avr6\libgcc.a(_umulhisi3.o)
 .text.libgcc.fixed
                0x00000000        0x0 c:/program files (x86)/atmel/atmel toolchain/avr8 gcc/native/3.4.1061/avr8-gnu-toolchain/bin/../lib/gcc/avr/4.8.1/avr6\libgcc.a(_umulhisi3.o)
 .text          0x00000000        0x0 c:/program files (x86)/atmel/atmel toolchain/avr8 gcc/native/3.4.1061/avr8-gnu-toolchain/bin/../lib/gcc/avr/4.8.1/avr6\libgcc.a(_muluhisi3.o)
 .data          0x00000000        0x0 c:/program files (x86)/atmel/atmel toolchain/avr8 gcc/native/3.4.1061/avr8-gnu-toolchain/bin/../lib/gcc/avr/4.8.1/avr6\libgcc.a(_muluhisi3.o)
 .bss           0x00000000        0x0 c:/program files (x86)/atmel/atmel toolchain/avr8 gcc/native/3.4.1061/avr8-gnu-toolchain/bin/../lib/gcc/avr/4.8.1/avr6\libgcc.a(_muluhisi3.o)
 .text.libgcc.div
                0x00000000        0x0 c:/program files (x86)/atmel/atmel toolchain/avr8 gcc/native/3.4.1061/avr8-gnu-toolchain/bin/../lib/gcc/avr/4.8.1/avr6\libgcc.a(_muluhisi3.o)
 .text.libgcc   0x00000000        0x0 c:/program files (x86)/atmel/atmel toolchain/avr8 gcc/native/3.4.1061/avr8-gnu-toolchain/bin/../lib/gcc/avr/4.8.1/avr6\libgcc.a(_muluhisi3.o)
 .text.libgcc.prologue
                0x00000000        0x0 c:/program files (x86)/atmel/atmel toolchain/avr8 gcc/native/3.4.1061/avr8-gnu-toolchain/bin/../lib/gcc/avr/4.8.1/avr6\libgcc.a(_muluhisi3.o)
 .text.libgcc.builtins
                0x00000000        0x0 c:/program files (x86)/atmel/atmel toolchain/avr8 gcc/native/3.4.1061/avr8-gnu-toolchain/bin/../lib/gcc/avr/4.8.1/avr6\libgcc.a(_muluhisi3.o)
 .text.libgcc.fmul
                0x00000000        0x0 c:/program files (x86)/atmel/atmel toolchain/avr8 gcc/native/3.4.1061/avr8-gnu-toolchain/bin/../lib/gcc/avr/4.8.1/avr6\libgcc.a(_muluhisi3.o)
 .text.libgcc.fixed
                0x00000000        0x0 c:/program files (x86)/atmel/atmel toolchain/avr8 gcc/native/3.4.1061/avr8-gnu-toolchain/bin/../lib/gcc/avr/4.8.1/avr6\libgcc.a(_muluhisi3.o)
 .text          0x00000000        0x0 c:/program files (x86)/atmel/atmel toolchain/avr8 gcc/native/3.4.1061/avr8-gnu-toolchain/bin/../lib/gcc/avr/4.8.1/../../../../avr/lib/avr6\libc.a(fprintf.o)
 .data          0x00000000        0x0 c:/program files (x86)/atmel/atmel toolchain/avr8 gcc/native/3.4.1061/avr8-gnu-toolchain/bin/../lib/gcc/avr/4.8.1/../../../../avr/lib/avr6\libc.a(fprintf.o)
 .bss           0x00000000        0x0 c:/program files (x86)/atmel/atmel toolchain/avr8 gcc/native/3.4.1061/avr8-gnu-toolchain/bin/../lib/gcc/avr/4.8.1/../../../../avr/lib/avr6\libc.a(fprintf.o)
 .text          0x00000000        0x0 c:/program files (x86)/atmel/atmel toolchain/avr8 gcc/native/3.4.1061/avr8-gnu-toolchain/bin/../lib/gcc/avr/4.8.1/../../../../avr/lib/avr6\libc.a(fputc.o)
 .data          0x00000000        0x0 c:/program files (x86)/atmel/atmel toolchain/avr8 gcc/native/3.4.1061/avr8-gnu-toolchain/bin/../lib/gcc/avr/4.8.1/../../../../avr/lib/avr6\libc.a(fputc.o)
 .bss           0x00000000        0x0 c:/program files (x86)/atmel/atmel toolchain/avr8 gcc/native/3.4.1061/avr8-gnu-toolchain/bin/../lib/gcc/avr/4.8.1/../../../../avr/lib/avr6\libc.a(fputc.o)
 .text          0x00000000        0x0 c:/program files (x86)/atmel/atmel toolchain/avr8 gcc/native/3.4.1061/avr8-gnu-toolchain/bin/../lib/gcc/avr/4.8.1/../../../../avr/lib/avr6\libc.a(fwrite.o)
 .data          0x00000000        0x0 c:/program files (x86)/atmel/atmel toolchain/avr8 gcc/native/3.4.1061/avr8-gnu-toolchain/bin/../lib/gcc/avr/4.8.1/../../../../avr/lib/avr6\libc.a(fwrite.o)
 .bss           0x00000000        0x0 c:/program files (x86)/atmel/atmel toolchain/avr8 gcc/native/3.4.1061/avr8-gnu-toolchain/bin/../lib/gcc/avr/4.8.1/../../../../avr/lib/avr6\libc.a(fwrite.o)
 .text          0x00000000        0x0 c:/program files (x86)/atmel/atmel toolchain/avr8 gcc/native/3.4.1061/avr8-gnu-toolchain/bin/../lib/gcc/avr/4.8.1/../../../../avr/lib/avr6\libc.a(vfprintf_std.o)
 .data          0x00000000        0x0 c:/program files (x86)/atmel/atmel toolchain/avr8 gcc/native/3.4.1061/avr8-gnu-toolchain/bin/../lib/gcc/avr/4.8.1/../../../../avr/lib/avr6\libc.a(vfprintf_std.o)
 .bss           0x00000000        0x0 c:/program files (x86)/atmel/atmel toolchain/avr8 gcc/native/3.4.1061/avr8-gnu-toolchain/bin/../lib/gcc/avr/4.8.1/../../../../avr/lib/avr6\libc.a(vfprintf_std.o)
 .text          0x00000000        0x0 c:/program files (x86)/atmel/atmel toolchain/avr8 gcc/native/3.4.1061/avr8-gnu-toolchain/bin/../lib/gcc/avr/4.8.1/../../../../avr/lib/avr6\libc.a(strnlen_P.o)
 .data          0x00000000        0x0 c:/program files (x86)/atmel/atmel toolchain/avr8 gcc/native/3.4.1061/avr8-gnu-toolchain/bin/../lib/gcc/avr/4.8.1/../../../../avr/lib/avr6\libc.a(strnlen_P.o)
 .bss           0x00000000        0x0 c:/program files (x86)/atmel/atmel toolchain/avr8 gcc/native/3.4.1061/avr8-gnu-toolchain/bin/../lib/gcc/avr/4.8.1/../../../../avr/lib/avr6\libc.a(strnlen_P.o)
 .text          0x00000000        0x0 c:/program files (x86)/atmel/atmel toolchain/avr8 gcc/native/3.4.1061/avr8-gnu-toolchain/bin/../lib/gcc/avr/4.8.1/../../../../avr/lib/avr6\libc.a(strnlen.o)
 .data          0x00000000        0x0 c:/program files (x86)/atmel/atmel toolchain/avr8 gcc/native/3.4.1061/avr8-gnu-toolchain/bin/../lib/gcc/avr/4.8.1/../../../../avr/lib/avr6\libc.a(strnlen.o)
 .bss           0x00000000        0x0 c:/program files (x86)/atmel/atmel toolchain/avr8 gcc/native/3.4.1061/avr8-gnu-toolchain/bin/../lib/gcc/avr/4.8.1/../../../../avr/lib/avr6\libc.a(strnlen.o)
 .text          0x00000000        0x0 c:/program files (x86)/atmel/atmel toolchain/avr8 gcc/native/3.4.1061/avr8-gnu-toolchain/bin/../lib/gcc/avr/4.8.1/../../../../avr/lib/avr6\libc.a(ultoa_invert.o)
 .data          0x00000000        0x0 c:/program files (x86)/atmel/atmel toolchain/avr8 gcc/native/3.4.1061/avr8-gnu-toolchain/bin/../lib/gcc/avr/4.8.1/../../../../avr/lib/avr6\libc.a(ultoa_invert.o)
 .bss           0x00000000        0x0 c:/program files (x86)/atmel/atmel toolchain/avr8 gcc/native/3.4.1061/avr8-gnu-toolchain/bin/../lib/gcc/avr/4.8.1/../../../../avr/lib/avr6\libc.a(ultoa_invert.o)

Memory Configuration

Name             Origin             Length             Attributes
text             0x00000000         0x00100000         xr
data             0x00800200         0x0000fe00         rw !x
eeprom           0x00810000         0x00010000         rw !x
fuse             0x00820000         0x00000400         rw !x
lock             0x00830000         0x00000400         rw !x
signature        0x00840000         0x00000400         rw !x
user_signatures  0x00850000         0x00000400         rw !x
*default*        0x00000000         0xffffffff

Linker script and memory map

Address of section .data set to 0x800200
LOAD c:/program files (x86)/atmel/atmel toolchain/avr8 gcc/native/3.4.1061/avr8-gnu-toolchain/bin/../lib/gcc/avr/4.8.1/../../../../avr/lib/avr6/crtm2560.o
LOAD src/can.o
LOAD src/dac.o
LOAD src/game_slave.o
LOAD src/ir.o
LOAD src/MCP2515.o
LOAD src/main.o
LOAD src/motor.o
LOAD src/pi.o
LOAD src/pwm.o
LOAD src/solenoid.o
LOAD src/spi_driver.o
LOAD src/TWI_Master.o
LOAD src/uart.o
START GROUP
LOAD c:/program files (x86)/atmel/atmel toolchain/avr8 gcc/native/3.4.1061/avr8-gnu-toolchain/bin/../lib/gcc/avr/4.8.1/../../../../avr/lib/avr6\libm.a
END GROUP
START GROUP
LOAD c:/program files (x86)/atmel/atmel toolchain/avr8 gcc/native/3.4.1061/avr8-gnu-toolchain/bin/../lib/gcc/avr/4.8.1/avr6\libgcc.a
LOAD c:/program files (x86)/atmel/atmel toolchain/avr8 gcc/native/3.4.1061/avr8-gnu-toolchain/bin/../lib/gcc/avr/4.8.1/../../../../avr/lib/avr6\libm.a
LOAD c:/program files (x86)/atmel/atmel toolchain/avr8 gcc/native/3.4.1061/avr8-gnu-toolchain/bin/../lib/gcc/avr/4.8.1/../../../../avr/lib/avr6\libc.a
END GROUP

.hash
 *(.hash)

.dynsym
 *(.dynsym)

.dynstr
 *(.dynstr)

.gnu.version
 *(.gnu.version)

.gnu.version_d
 *(.gnu.version_d)

.gnu.version_r
 *(.gnu.version_r)

.rel.init
 *(.rel.init)

.rela.init
 *(.rela.init)

.rel.text
 *(.rel.text)
 *(.rel.text.*)
 *(.rel.gnu.linkonce.t*)

.rela.text
 *(.rela.text)
 *(.rela.text.*)
 *(.rela.gnu.linkonce.t*)

.rel.fini
 *(.rel.fini)

.rela.fini
 *(.rela.fini)

.rel.rodata
 *(.rel.rodata)
 *(.rel.rodata.*)
 *(.rel.gnu.linkonce.r*)

.rela.rodata
 *(.rela.rodata)
 *(.rela.rodata.*)
 *(.rela.gnu.linkonce.r*)

.rel.data
 *(.rel.data)
 *(.rel.data.*)
 *(.rel.gnu.linkonce.d*)

.rela.data
 *(.rela.data)
 *(.rela.data.*)
 *(.rela.gnu.linkonce.d*)

.rel.ctors
 *(.rel.ctors)

.rela.ctors
 *(.rela.ctors)

.rel.dtors
 *(.rel.dtors)

.rela.dtors
 *(.rela.dtors)

.rel.got
 *(.rel.got)

.rela.got
 *(.rela.got)

.rel.bss
 *(.rel.bss)

.rela.bss
 *(.rela.bss)

.rel.plt
 *(.rel.plt)

.rela.plt
 *(.rela.plt)

.text           0x00000000     0x164e
 *(.vectors)
 .vectors       0x00000000       0xe4 c:/program files (x86)/atmel/atmel toolchain/avr8 gcc/native/3.4.1061/avr8-gnu-toolchain/bin/../lib/gcc/avr/4.8.1/../../../../avr/lib/avr6/crtm2560.o
                0x00000000                __vector_default
                0x00000000                __vectors
 *(.vectors)
 *(.progmem.gcc*)
 .progmem.gcc_sw_table.__vector_39
                0x000000e4       0xa2 src/TWI_Master.o
                0x00000186                . = ALIGN (0x2)
                0x00000186                __trampolines_start = .
 *(.trampolines)
 .trampolines   0x00000186        0x0 linker stubs
 *(.trampolines*)
                0x00000186                __trampolines_end = .
 *(.progmem*)
                0x00000186                . = ALIGN (0x2)
 *(.jumptables)
 *(.jumptables*)
 *(.lowtext)
 *(.lowtext*)
                0x00000186                __ctors_start = .
 *(.ctors)
                0x00000186                __ctors_end = .
                0x00000186                __dtors_start = .
 *(.dtors)
                0x00000186                __dtors_end = .
 SORT(*)(.ctors)
 SORT(*)(.dtors)
 *(.init0)
 .init0         0x00000186        0x0 c:/program files (x86)/atmel/atmel toolchain/avr8 gcc/native/3.4.1061/avr8-gnu-toolchain/bin/../lib/gcc/avr/4.8.1/../../../../avr/lib/avr6/crtm2560.o
                0x00000186                __init
 *(.init0)
 *(.init1)
 *(.init1)
 *(.init2)
 .init2         0x00000186       0x10 c:/program files (x86)/atmel/atmel toolchain/avr8 gcc/native/3.4.1061/avr8-gnu-toolchain/bin/../lib/gcc/avr/4.8.1/../../../../avr/lib/avr6/crtm2560.o
 *(.init2)
 *(.init3)
 *(.init3)
 *(.init4)
 .init4         0x00000196       0x1a c:/program files (x86)/atmel/atmel toolchain/avr8 gcc/native/3.4.1061/avr8-gnu-toolchain/bin/../lib/gcc/avr/4.8.1/avr6\libgcc.a(_copy_data.o)
                0x00000196                __do_copy_data
 .init4         0x000001b0       0x10 c:/program files (x86)/atmel/atmel toolchain/avr8 gcc/native/3.4.1061/avr8-gnu-toolchain/bin/../lib/gcc/avr/4.8.1/avr6\libgcc.a(_clear_bss.o)
                0x000001b0                __do_clear_bss
 *(.init4)
 *(.init5)
 *(.init5)
 *(.init6)
 *(.init6)
 *(.init7)
 *(.init7)
 *(.init8)
 *(.init8)
 *(.init9)
 .init9         0x000001c0        0x6 c:/program files (x86)/atmel/atmel toolchain/avr8 gcc/native/3.4.1061/avr8-gnu-toolchain/bin/../lib/gcc/avr/4.8.1/../../../../avr/lib/avr6/crtm2560.o
 *(.init9)
 *(.text)
 .text          0x000001c6        0x2 c:/program files (x86)/atmel/atmel toolchain/avr8 gcc/native/3.4.1061/avr8-gnu-toolchain/bin/../lib/gcc/avr/4.8.1/../../../../avr/lib/avr6/crtm2560.o
                0x000001c6                __vector_38
                0x000001c6                __vector_22
                0x000001c6                __vector_28
                0x000001c6                __vector_1
                0x000001c6                __vector_34
                0x000001c6                __vector_24
                0x000001c6                __vector_12
                0x000001c6                __vector_55
                0x000001c6                __vector_46
                0x000001c6                __bad_interrupt
                0x000001c6                __vector_6
                0x000001c6                __vector_31
                0x000001c6                __vector_35
                0x000001c6                __vector_23
                0x000001c6                __vector_30
                0x000001c6                __vector_11
                0x000001c6                __vector_54
                0x000001c6                __vector_13
                0x000001c6                __vector_17
                0x000001c6                __vector_19
                0x000001c6                __vector_56
                0x000001c6                __vector_7
                0x000001c6                __vector_49
                0x000001c6                __vector_41
                0x000001c6                __vector_43
                0x000001c6                __vector_27
                0x000001c6                __vector_5
                0x000001c6                __vector_33
                0x000001c6                __vector_52
                0x000001c6                __vector_37
                0x000001c6                __vector_4
                0x000001c6                __vector_44
                0x000001c6                __vector_51
                0x000001c6                __vector_9
                0x000001c6                __vector_2
                0x000001c6                __vector_21
                0x000001c6                __vector_15
                0x000001c6                __vector_36
                0x000001c6                __vector_29
                0x000001c6                __vector_40
                0x000001c6                __vector_8
                0x000001c6                __vector_26
                0x000001c6                __vector_48
                0x000001c6                __vector_14
                0x000001c6                __vector_53
                0x000001c6                __vector_10
                0x000001c6                __vector_50
                0x000001c6                __vector_16
                0x000001c6                __vector_18
                0x000001c6                __vector_20
                0x000001c6                __vector_42
                0x000001c8                . = ALIGN (0x2)
 *(.text.*)
 .text.__vector_3
                0x000001c8      0x156 src/can.o
                0x000001c8                __vector_3
 .text.can_init
                0x0000031e       0x10 src/can.o
                0x0000031e                can_init
 .text.can_send
                0x0000032e       0xac src/can.o
                0x0000032e                can_send
 .text.can_read_buffer
                0x000003da       0x80 src/can.o
                0x000003da                can_read_buffer
 .text.dac_init
                0x0000045a       0x1a src/dac.o
                0x0000045a                dac_init
 .text.dac_output
                0x00000474       0x36 src/dac.o
                0x00000474                dac_output
 .text.game_init
                0x000004aa       0x2c src/game_slave.o
                0x000004aa                game_init
 .text.game_update_ball_dropped
                0x000004d6       0x28 src/game_slave.o
                0x000004d6                game_update_ball_dropped
 .text.game_tick
                0x000004fe      0x1be src/game_slave.o
                0x000004fe                game_tick
 .text.__vector_32
                0x000006bc       0x58 src/game_slave.o
                0x000006bc                __vector_32
 .text.ir_init  0x00000714       0x12 src/ir.o
                0x00000714                ir_init
 .text.ir_read  0x00000726       0x24 src/ir.o
                0x00000726                ir_read
 .text.mcp_reset
                0x0000074a       0x12 src/MCP2515.o
                0x0000074a                mcp_reset
 .text.mcp_read
                0x0000075c       0x1c src/MCP2515.o
                0x0000075c                mcp_read
 .text.mcp_write
                0x00000778       0x1e src/MCP2515.o
                0x00000778                mcp_write
 .text.mcp_rts  0x00000796       0x20 src/MCP2515.o
                0x00000796                mcp_rts
 .text.mcp_readstatus
                0x000007b6       0x16 src/MCP2515.o
                0x000007b6                mcp_readstatus
 .text.mcp_bitmodify
                0x000007cc       0x28 src/MCP2515.o
                0x000007cc                mcp_bitmodify
 .text.mcp_init
                0x000007f4       0x2e src/MCP2515.o
                0x000007f4                mcp_init
 .text.main     0x00000822      0x11e src/main.o
                0x00000822                main
 .text.motor_read_encoder
                0x00000940       0x70 src/motor.o
                0x00000940                motor_read_encoder
 .text.motor_init
                0x000009b0       0x24 src/motor.o
                0x000009b0                motor_init
 .text.motor_enable
                0x000009d4        0xc src/motor.o
                0x000009d4                motor_enable
 .text.motor_set_speed
                0x000009e0       0x24 src/motor.o
                0x000009e0                motor_set_speed
 .text.__vector_45
                0x00000a04       0xac src/motor.o
                0x00000a04                __vector_45
 .text.motor_set_position
                0x00000ab0       0x4e src/motor.o
                0x00000ab0                motor_set_position
 .text.motor_disable_position_control
                0x00000afe        0xc src/motor.o
                0x00000afe                motor_disable_position_control
 .text.motor_goto_center
                0x00000b0a       0x30 src/motor.o
                0x00000b0a                motor_goto_center
 .text.motor_encoder_calibrate
                0x00000b3a       0xfc src/motor.o
                0x00000b3a                motor_encoder_calibrate
 .text.pi_regulator_init
                0x00000c36       0x14 src/pi.o
                0x00000c36                pi_regulator_init
 .text.pi_regulator
                0x00000c4a       0xb8 src/pi.o
                0x00000c4a                pi_regulator
 .text.pwm_init
                0x00000d02       0x36 src/pwm.o
                0x00000d02                pwm_init
 .text.pwm_set_duty
                0x00000d38       0x22 src/pwm.o
                0x00000d38                pwm_set_duty
 .text.__vector_47
                0x00000d5a       0x34 src/solenoid.o
                0x00000d5a                __vector_47
 .text.solenoid_init
                0x00000d8e       0x26 src/solenoid.o
                0x00000d8e                solenoid_init
 .text.solenoid_trigger
                0x00000db4        0xe src/solenoid.o
                0x00000db4                solenoid_trigger
 .text.spi_ss_low
                0x00000dc2        0x4 src/spi_driver.o
                0x00000dc2                spi_ss_low
 .text.spi_ss_high
                0x00000dc6        0x4 src/spi_driver.o
                0x00000dc6                spi_ss_high
 .text.spi_init
                0x00000dca        0xe src/spi_driver.o
                0x00000dca                spi_init
 .text.spi_transmit
                0x00000dd8        0xc src/spi_driver.o
                0x00000dd8                spi_transmit
 .text.TWI_Master_Initialise
                0x00000de4       0x14 src/TWI_Master.o
                0x00000de4                TWI_Master_Initialise
 .text.TWI_Start_Transceiver_With_Data
                0x00000df8       0x70 src/TWI_Master.o
                0x00000df8                TWI_Start_Transceiver_With_Data
 .text.__vector_39
                0x00000e68      0x106 src/TWI_Master.o
                0x00000e68                __vector_39
 .text.uart_send
                0x00000f6e       0x14 src/uart.o
                0x00000f6e                uart_send
 .text.__vector_25
                0x00000f82       0x94 src/uart.o
                0x00000f82                __vector_25
 .text.uart_init
                0x00001016       0x2c src/uart.o
                0x00001016                uart_init
 .text.libgcc   0x00001042        0xc c:/program files (x86)/atmel/atmel toolchain/avr8 gcc/native/3.4.1061/avr8-gnu-toolchain/bin/../lib/gcc/avr/4.8.1/avr6\libgcc.a(_tablejump.o)
                0x00001042                __tablejump2__
                0x00001046                __tablejump__
 .text.libgcc.mul
                0x0000104e       0x1e c:/program files (x86)/atmel/atmel toolchain/avr8 gcc/native/3.4.1061/avr8-gnu-toolchain/bin/../lib/gcc/avr/4.8.1/avr6\libgcc.a(_umulhisi3.o)
                0x0000104e                __umulhisi3
 .text.libgcc.mul
                0x0000106c       0x14 c:/program files (x86)/atmel/atmel toolchain/avr8 gcc/native/3.4.1061/avr8-gnu-toolchain/bin/../lib/gcc/avr/4.8.1/avr6\libgcc.a(_muluhisi3.o)
                0x0000106c                __muluhisi3
 .text.avr-libc
                0x00001080       0x1e c:/program files (x86)/atmel/atmel toolchain/avr8 gcc/native/3.4.1061/avr8-gnu-toolchain/bin/../lib/gcc/avr/4.8.1/../../../../avr/lib/avr6\libc.a(fprintf.o)
                0x00001080                fprintf
 .text.avr-libc
                0x0000109e       0x64 c:/program files (x86)/atmel/atmel toolchain/avr8 gcc/native/3.4.1061/avr8-gnu-toolchain/bin/../lib/gcc/avr/4.8.1/../../../../avr/lib/avr6\libc.a(fputc.o)
                0x0000109e                fputc
 .text.avr-libc
                0x00001102       0x84 c:/program files (x86)/atmel/atmel toolchain/avr8 gcc/native/3.4.1061/avr8-gnu-toolchain/bin/../lib/gcc/avr/4.8.1/../../../../avr/lib/avr6\libc.a(fwrite.o)
                0x00001102                fwrite
 .text.avr-libc
                0x00001186      0x3dc c:/program files (x86)/atmel/atmel toolchain/avr8 gcc/native/3.4.1061/avr8-gnu-toolchain/bin/../lib/gcc/avr/4.8.1/../../../../avr/lib/avr6\libc.a(vfprintf_std.o)
                0x00001186                vfprintf
 .text.avr-libc
                0x00001562       0x16 c:/program files (x86)/atmel/atmel toolchain/avr8 gcc/native/3.4.1061/avr8-gnu-toolchain/bin/../lib/gcc/avr/4.8.1/../../../../avr/lib/avr6\libc.a(strnlen_P.o)
                0x00001562                strnlen_P
 .text.avr-libc
                0x00001578       0x16 c:/program files (x86)/atmel/atmel toolchain/avr8 gcc/native/3.4.1061/avr8-gnu-toolchain/bin/../lib/gcc/avr/4.8.1/../../../../avr/lib/avr6\libc.a(strnlen.o)
                0x00001578                strnlen
 .text.avr-libc
                0x0000158e       0xbc c:/program files (x86)/atmel/atmel toolchain/avr8 gcc/native/3.4.1061/avr8-gnu-toolchain/bin/../lib/gcc/avr/4.8.1/../../../../avr/lib/avr6\libc.a(ultoa_invert.o)
                0x0000158e                __ultoa_invert
                0x0000164a                . = ALIGN (0x2)
 *(.fini9)
 .fini9         0x0000164a        0x0 c:/program files (x86)/atmel/atmel toolchain/avr8 gcc/native/3.4.1061/avr8-gnu-toolchain/bin/../lib/gcc/avr/4.8.1/avr6\libgcc.a(_exit.o)
                0x0000164a                _exit
                0x0000164a                exit
 *(.fini9)
 *(.fini8)
 *(.fini8)
 *(.fini7)
 *(.fini7)
 *(.fini6)
 *(.fini6)
 *(.fini5)
 *(.fini5)
 *(.fini4)
 *(.fini4)
 *(.fini3)
 *(.fini3)
 *(.fini2)
 *(.fini2)
 *(.fini1)
 *(.fini1)
 *(.fini0)
 .fini0         0x0000164a        0x4 c:/program files (x86)/atmel/atmel toolchain/avr8 gcc/native/3.4.1061/avr8-gnu-toolchain/bin/../lib/gcc/avr/4.8.1/avr6\libgcc.a(_exit.o)
 *(.fini0)
                0x0000164e                _etext = .

.data           0x00800200      0x154 load address 0x0000164e
                0x00800200                PROVIDE (__data_start, .)
 *(.data)
 *(.data*)
 .data.turn.1852
                0x00800200        0x1 src/game_slave.o
 .data.game_setting
                0x00800201        0x1 src/game_slave.o
 .data.TWI_state
                0x00800202        0x1 src/TWI_Master.o
 .data.uart_out
                0x00800203        0xe src/uart.o
                0x00800203                uart_out
 *(.rodata)
 *(.rodata*)
 .rodata.str1.1
                0x00800211        0xd src/dac.o
 .rodata.str1.1
                0x0080021e       0x47 src/game_slave.o
 .rodata.str1.1
                0x00800265       0xb7 src/main.o
                                 0xbd (size before relaxing)
 .rodata.str1.1
                0x0080031c       0x38 src/motor.o
 *(.gnu.linkonce.d*)
                0x00800354                . = ALIGN (0x2)
                0x00800354                _edata = .
                0x00800354                PROVIDE (__data_end, .)

.bss            0x00800354      0x144
                0x00800354                PROVIDE (__bss_start, .)
 *(.bss)
 *(.bss*)
 .bss.rx_tail   0x00800354        0x2 src/can.o
                0x00800354                rx_tail
 .bss.rx_head   0x00800356        0x2 src/can.o
                0x00800356                rx_head
 .bss.rx_buffer
                0x00800358       0xa0 src/can.o
                0x00800358                rx_buffer
 .bss.fire.1851
                0x008003f8        0x1 src/game_slave.o
 .bss.motor.1853
                0x008003f9        0x1 src/game_slave.o
 .bss.interrupt_counter
                0x008003fa        0x1 src/game_slave.o
 .bss.ball_dropped
                0x008003fb        0x1 src/game_slave.o
 .bss.measurement
                0x008003fc        0x2 src/motor.o
 .bss.encoder_setpoint
                0x008003fe        0x2 src/motor.o
 .bss.calibrate_max
                0x00800400        0x2 src/motor.o
 .bss.calibrate_min
                0x00800402        0x2 src/motor.o
 .bss.is_calibrated
                0x00800404        0x1 src/motor.o
 .bss.TWI_bufPtr.1699
                0x00800405        0x1 src/TWI_Master.o
 .bss.TWI_statusReg
                0x00800406        0x1 src/TWI_Master.o
                0x00800406                TWI_statusReg
 .bss.TWI_msgSize
                0x00800407        0x1 src/TWI_Master.o
 .bss.TWI_buf   0x00800408        0x4 src/TWI_Master.o
 .bss.recvtail  0x0080040c        0x2 src/uart.o
                0x0080040c                recvtail
 .bss.recvhead  0x0080040e        0x2 src/uart.o
                0x0080040e                recvhead
 *(COMMON)
 COMMON         0x00800410        0x8 src/motor.o
                0x00800410                regulator
 COMMON         0x00800418       0x80 src/uart.o
                0x00800418                recv_buffer
                0x00800498                PROVIDE (__bss_end, .)
                0x0000164e                __data_load_start = LOADADDR (.data)
                0x000017a2                __data_load_end = (__data_load_start + SIZEOF (.data))

.noinit         0x00800498        0x0
                0x00800498                PROVIDE (__noinit_start, .)
 *(.noinit*)
                0x00800498                PROVIDE (__noinit_end, .)
                0x00800498                _end = .
                0x00800498                PROVIDE (__heap_start, .)

.eeprom         0x00810000        0x0
 *(.eeprom*)
                0x00810000                __eeprom_end = .

.fuse
 *(.fuse)
 *(.lfuse)
 *(.hfuse)
 *(.efuse)

.lock
 *(.lock*)

.signature
 *(.signature*)

.user_signatures
 *(.user_signatures*)

.stab
 *(.stab)

.stabstr
 *(.stabstr)

.stab.excl
 *(.stab.excl)

.stab.exclstr
 *(.stab.exclstr)

.stab.index
 *(.stab.index)

.stab.indexstr
 *(.stab.indexstr)

.comment        0x00000000       0x5c
 *(.comment)
 .comment       0x00000000       0x30 src/can.o
                                 0x31 (size before relaxing)
 .comment       0x00000000       0x31 src/dac.o
 .comment       0x00000000       0x31 src/game_slave.o
 .comment       0x00000000       0x31 src/ir.o
 .comment       0x00000000       0x31 src/MCP2515.o
 .comment       0x00000000       0x31 src/main.o
 .comment       0x00000000       0x31 src/motor.o
 .comment       0x00000000       0x31 src/pi.o
 .comment       0x00000000       0x31 src/pwm.o
 .comment       0x00000000       0x31 src/solenoid.o
 .comment       0x00000000       0x31 src/spi_driver.o
 .comment       0x00000000       0x31 src/TWI_Master.o
 .comment       0x00000000       0x31 src/uart.o
 .comment       0x00000000       0x31 c:/program files (x86)/atmel/atmel toolchain/avr8 gcc/native/3.4.1061/avr8-gnu-toolchain/bin/../lib/gcc/avr/4.8.1/../../../../avr/lib/avr6\libc.a(fprintf.o)
 .comment       0x00000000       0x31 c:/program files (x86)/atmel/atmel toolchain/avr8 gcc/native/3.4.1061/avr8-gnu-toolchain/bin/../lib/gcc/avr/4.8.1/../../../../avr/lib/avr6\libc.a(fputc.o)
 .comment       0x00000000       0x31 c:/program files (x86)/atmel/atmel toolchain/avr8 gcc/native/3.4.1061/avr8-gnu-toolchain/bin/../lib/gcc/avr/4.8.1/../../../../avr/lib/avr6\libc.a(fwrite.o)
 .comment       0x00000030       0x2c c:/program files (x86)/atmel/atmel toolchain/avr8 gcc/native/3.4.1061/avr8-gnu-toolchain/bin/../lib/gcc/avr/4.8.1/../../../../avr/lib/avr6\libc.a(vfprintf_std.o)
                                 0x2d (size before relaxing)

.note.gnu.build-id
 *(.note.gnu.build-id)

.debug
 *(.debug)

.line
 *(.line)

.debug_srcinfo
 *(.debug_srcinfo)

.debug_sfnames
 *(.debug_sfnames)

.debug_aranges  0x00000000      0x2f8
 *(.debug_aranges)
 .debug_aranges
                0x00000000       0x40 src/can.o
 .debug_aranges
                0x00000040       0x28 src/dac.o
 .debug_aranges
                0x00000068       0x38 src/game_slave.o
 .debug_aranges
                0x000000a0       0x28 src/ir.o
 .debug_aranges
                0x000000c8       0x60 src/MCP2515.o
 .debug_aranges
                0x00000128       0x20 src/main.o
 .debug_aranges
                0x00000148       0x68 src/motor.o
 .debug_aranges
                0x000001b0       0x30 src/pi.o
 .debug_aranges
                0x000001e0       0x28 src/pwm.o
 .debug_aranges
                0x00000208       0x30 src/solenoid.o
 .debug_aranges
                0x00000238       0x38 src/spi_driver.o
 .debug_aranges
                0x00000270       0x50 src/TWI_Master.o
 .debug_aranges
                0x000002c0       0x38 src/uart.o

.debug_pubnames
 *(.debug_pubnames)

.debug_info     0x00000000     0x2c7e
 *(.debug_info .gnu.linkonce.wi.*)
 .debug_info    0x00000000      0x616 src/can.o
 .debug_info    0x00000616      0x243 src/dac.o
 .debug_info    0x00000859      0x50e src/game_slave.o
 .debug_info    0x00000d67       0xb6 src/ir.o
 .debug_info    0x00000e1d      0x67e src/MCP2515.o
 .debug_info    0x0000149b      0x573 src/main.o
 .debug_info    0x00001a0e      0x839 src/motor.o
 .debug_info    0x00002247      0x1c5 src/pi.o
 .debug_info    0x0000240c       0xcd src/pwm.o
 .debug_info    0x000024d9       0xc6 src/solenoid.o
 .debug_info    0x0000259f       0xe5 src/spi_driver.o
 .debug_info    0x00002684      0x39d src/TWI_Master.o
 .debug_info    0x00002a21      0x25d src/uart.o

.debug_abbrev   0x00000000     0x1356
 *(.debug_abbrev)
 .debug_abbrev  0x00000000      0x28b src/can.o
 .debug_abbrev  0x0000028b      0x162 src/dac.o
 .debug_abbrev  0x000003ed      0x248 src/game_slave.o
 .debug_abbrev  0x00000635       0x6b src/ir.o
 .debug_abbrev  0x000006a0      0x212 src/MCP2515.o
 .debug_abbrev  0x000008b2      0x16a src/main.o
 .debug_abbrev  0x00000a1c      0x31a src/motor.o
 .debug_abbrev  0x00000d36      0x108 src/pi.o
 .debug_abbrev  0x00000e3e       0x78 src/pwm.o
 .debug_abbrev  0x00000eb6       0x67 src/solenoid.o
 .debug_abbrev  0x00000f1d       0x90 src/spi_driver.o
 .debug_abbrev  0x00000fad      0x25c src/TWI_Master.o
 .debug_abbrev  0x00001209      0x14d src/uart.o

.debug_line     0x00000000     0x180e
 *(.debug_line .debug_line.* .debug_line_end)
 .debug_line    0x00000000      0x2dd src/can.o
 .debug_line    0x000002dd      0x124 src/dac.o
 .debug_line    0x00000401      0x274 src/game_slave.o
 .debug_line    0x00000675       0xe8 src/ir.o
 .debug_line    0x0000075d      0x293 src/MCP2515.o
 .debug_line    0x000009f0      0x1d9 src/main.o
 .debug_line    0x00000bc9      0x3bb src/motor.o
 .debug_line    0x00000f84      0x112 src/pi.o
 .debug_line    0x00001096       0xe5 src/pwm.o
 .debug_line    0x0000117b      0x10c src/solenoid.o
 .debug_line    0x00001287      0x11c src/spi_driver.o
 .debug_line    0x000013a3      0x306 src/TWI_Master.o
 .debug_line    0x000016a9      0x165 src/uart.o

.debug_frame    0x00000000      0x7e0
 *(.debug_frame)
 .debug_frame   0x00000000      0x144 src/can.o
 .debug_frame   0x00000144       0x44 src/dac.o
 .debug_frame   0x00000188       0xf0 src/game_slave.o
 .debug_frame   0x00000278       0x34 src/ir.o
 .debug_frame   0x000002ac       0xf8 src/MCP2515.o
 .debug_frame   0x000003a4       0x24 src/main.o
 .debug_frame   0x000003c8      0x158 src/motor.o
 .debug_frame   0x00000520       0x64 src/pi.o
 .debug_frame   0x00000584       0x34 src/pwm.o
 .debug_frame   0x000005b8       0x60 src/solenoid.o
 .debug_frame   0x00000618       0x54 src/spi_driver.o
 .debug_frame   0x0000066c       0xf0 src/TWI_Master.o
 .debug_frame   0x0000075c       0x84 src/uart.o

.debug_str      0x00000000      0x934
 *(.debug_str)
 .debug_str     0x00000000      0x2cb src/can.o
                                0x30f (size before relaxing)
 .debug_str     0x000002cb       0x5a src/dac.o
                                0x1e8 (size before relaxing)
 .debug_str     0x00000325      0x1ac src/game_slave.o
                                0x3cb (size before relaxing)
 .debug_str     0x000004d1       0x14 src/ir.o
                                0x185 (size before relaxing)
 .debug_str     0x000004e5       0x6b src/MCP2515.o
                                0x281 (size before relaxing)
 .debug_str     0x00000550       0x83 src/main.o
                                0x259 (size before relaxing)
 .debug_str     0x000005d3      0x1a0 src/motor.o
                                0x3d8 (size before relaxing)
 .debug_str     0x00000773       0x46 src/pi.o
                                0x1f2 (size before relaxing)
 .debug_str     0x000007b9        0xd src/pwm.o
                                0x198 (size before relaxing)
 .debug_str     0x000007c6       0x1e src/solenoid.o
                                0x1a6 (size before relaxing)
 .debug_str     0x000007e4       0x14 src/spi_driver.o
                                0x1a6 (size before relaxing)
 .debug_str     0x000007f8       0xcf src/TWI_Master.o
                                0x2aa (size before relaxing)
 .debug_str     0x000008c7       0x6d src/uart.o
                                0x1fe (size before relaxing)

.debug_loc      0x00000000     0x179f
 *(.debug_loc)
 .debug_loc     0x00000000      0x418 src/can.o
 .debug_loc     0x00000418       0x82 src/dac.o
 .debug_loc     0x0000049a      0x5ba src/game_slave.o
 .debug_loc     0x00000a54      0x373 src/MCP2515.o
 .debug_loc     0x00000dc7      0x48b src/motor.o
 .debug_loc     0x00001252      0x153 src/pi.o
 .debug_loc     0x000013a5       0x2f src/pwm.o
 .debug_loc     0x000013d4       0x56 src/solenoid.o
 .debug_loc     0x0000142a       0x1f src/spi_driver.o
 .debug_loc     0x00001449      0x264 src/TWI_Master.o
 .debug_loc     0x000016ad       0xf2 src/uart.o

.debug_macinfo
 *(.debug_macinfo)

.debug_weaknames
 *(.debug_weaknames)

.debug_funcnames
 *(.debug_funcnames)

.debug_typenames
 *(.debug_typenames)

.debug_varnames
 *(.debug_varnames)

.debug_pubtypes
 *(.debug_pubtypes)

.debug_ranges   0x00000000      0x280
 *(.debug_ranges)
 .debug_ranges  0x00000000       0x30 src/can.o
 .debug_ranges  0x00000030       0x18 src/dac.o
 .debug_ranges  0x00000048       0x40 src/game_slave.o
 .debug_ranges  0x00000088       0x18 src/ir.o
 .debug_ranges  0x000000a0       0x50 src/MCP2515.o
 .debug_ranges  0x000000f0       0x10 src/main.o
 .debug_ranges  0x00000100       0x58 src/motor.o
 .debug_ranges  0x00000158       0x20 src/pi.o
 .debug_ranges  0x00000178       0x18 src/pwm.o
 .debug_ranges  0x00000190       0x20 src/solenoid.o
 .debug_ranges  0x000001b0       0x28 src/spi_driver.o
 .debug_ranges  0x000001d8       0x80 src/TWI_Master.o
 .debug_ranges  0x00000258       0x28 src/uart.o

.debug_macro
 *(.debug_macro)
OUTPUT(Node2.elf elf32-avr)
LOAD linker stubs
