Archive member included because of file (symbol)

c:/program files (x86)/atmel/atmel toolchain/avr8 gcc/native/3.4.1061/avr8-gnu-toolchain/bin/../lib/gcc/avr/4.8.1/avr6\libgcc.a(_udivmodsi4.o)
                              src/motor.o (__udivmodsi4)
c:/program files (x86)/atmel/atmel toolchain/avr8 gcc/native/3.4.1061/avr8-gnu-toolchain/bin/../lib/gcc/avr/4.8.1/avr6\libgcc.a(_exit.o)
                              c:/program files (x86)/atmel/atmel toolchain/avr8 gcc/native/3.4.1061/avr8-gnu-toolchain/bin/../lib/gcc/avr/4.8.1/../../../../avr/lib/avr6/crtm2560.o (exit)
c:/program files (x86)/atmel/atmel toolchain/avr8 gcc/native/3.4.1061/avr8-gnu-toolchain/bin/../lib/gcc/avr/4.8.1/avr6\libgcc.a(_tablejump.o)
                              src/TWI_Master.o (__tablejump2__)
c:/program files (x86)/atmel/atmel toolchain/avr8 gcc/native/3.4.1061/avr8-gnu-toolchain/bin/../lib/gcc/avr/4.8.1/avr6\libgcc.a(_copy_data.o)
                              src/can.o (__do_copy_data)
c:/program files (x86)/atmel/atmel toolchain/avr8 gcc/native/3.4.1061/avr8-gnu-toolchain/bin/../lib/gcc/avr/4.8.1/avr6\libgcc.a(_clear_bss.o)
                              src/can.o (__do_clear_bss)
c:/program files (x86)/atmel/atmel toolchain/avr8 gcc/native/3.4.1061/avr8-gnu-toolchain/bin/../lib/gcc/avr/4.8.1/avr6\libgcc.a(_umulhisi3.o)
                              src/motor.o (__umulhisi3)
c:/program files (x86)/atmel/atmel toolchain/avr8 gcc/native/3.4.1061/avr8-gnu-toolchain/bin/../lib/gcc/avr/4.8.1/avr6\libgcc.a(_muluhisi3.o)
                              src/pi.o (__muluhisi3)
c:/program files (x86)/atmel/atmel toolchain/avr8 gcc/native/3.4.1061/avr8-gnu-toolchain/bin/../lib/gcc/avr/4.8.1/../../../../avr/lib/avr6\libc.a(fprintf.o)
                              src/can.o (fprintf)
c:/program files (x86)/atmel/atmel toolchain/avr8 gcc/native/3.4.1061/avr8-gnu-toolchain/bin/../lib/gcc/avr/4.8.1/../../../../avr/lib/avr6\libc.a(fputc.o)
                              src/can.o (fputc)
c:/program files (x86)/atmel/atmel toolchain/avr8 gcc/native/3.4.1061/avr8-gnu-toolchain/bin/../lib/gcc/avr/4.8.1/../../../../avr/lib/avr6\libc.a(fwrite.o)
                              src/dac.o (fwrite)
c:/program files (x86)/atmel/atmel toolchain/avr8 gcc/native/3.4.1061/avr8-gnu-toolchain/bin/../lib/gcc/avr/4.8.1/../../../../avr/lib/avr6\libc.a(vfprintf_std.o)
                              c:/program files (x86)/atmel/atmel toolchain/avr8 gcc/native/3.4.1061/avr8-gnu-toolchain/bin/../lib/gcc/avr/4.8.1/../../../../avr/lib/avr6\libc.a(fprintf.o) (vfprintf)
c:/program files (x86)/atmel/atmel toolchain/avr8 gcc/native/3.4.1061/avr8-gnu-toolchain/bin/../lib/gcc/avr/4.8.1/../../../../avr/lib/avr6\libc.a(strnlen_P.o)
                              c:/program files (x86)/atmel/atmel toolchain/avr8 gcc/native/3.4.1061/avr8-gnu-toolchain/bin/../lib/gcc/avr/4.8.1/../../../../avr/lib/avr6\libc.a(vfprintf_std.o) (strnlen_P)
c:/program files (x86)/atmel/atmel toolchain/avr8 gcc/native/3.4.1061/avr8-gnu-toolchain/bin/../lib/gcc/avr/4.8.1/../../../../avr/lib/avr6\libc.a(strnlen.o)
                              c:/program files (x86)/atmel/atmel toolchain/avr8 gcc/native/3.4.1061/avr8-gnu-toolchain/bin/../lib/gcc/avr/4.8.1/../../../../avr/lib/avr6\libc.a(vfprintf_std.o) (strnlen)
c:/program files (x86)/atmel/atmel toolchain/avr8 gcc/native/3.4.1061/avr8-gnu-toolchain/bin/../lib/gcc/avr/4.8.1/../../../../avr/lib/avr6\libc.a(ultoa_invert.o)
                              c:/program files (x86)/atmel/atmel toolchain/avr8 gcc/native/3.4.1061/avr8-gnu-toolchain/bin/../lib/gcc/avr/4.8.1/../../../../avr/lib/avr6\libc.a(vfprintf_std.o) (__ultoa_invert)

Allocating common symbols
Common symbol       size              file

regulator           0x8               src/motor.o
recv_buffer         0x80              src/uart.o

Discarded input sections

 .data          0x00000000        0x0 c:/program files (x86)/atmel/atmel toolchain/avr8 gcc/native/3.4.1061/avr8-gnu-toolchain/bin/../lib/gcc/avr/4.8.1/../../../../avr/lib/avr6/crtm2560.o
 .bss           0x00000000        0x0 c:/program files (x86)/atmel/atmel toolchain/avr8 gcc/native/3.4.1061/avr8-gnu-toolchain/bin/../lib/gcc/avr/4.8.1/../../../../avr/lib/avr6/crtm2560.o
 .text          0x00000000        0x0 src/can.o
 .data          0x00000000        0x0 src/can.o
 .bss           0x00000000        0x0 src/can.o
 .rodata.str1.1
                0x00000000        0xc src/can.o
 .text.can_print_msg
                0x00000000       0xd2 src/can.o
 .text          0x00000000        0x0 src/dac.o
 .data          0x00000000        0x0 src/dac.o
 .bss           0x00000000        0x0 src/dac.o
 .text          0x00000000        0x0 src/game_slave.o
 .data          0x00000000        0x0 src/game_slave.o
 .bss           0x00000000        0x0 src/game_slave.o
 .text          0x00000000        0x0 src/ir.o
 .data          0x00000000        0x0 src/ir.o
 .bss           0x00000000        0x0 src/ir.o
 .text          0x00000000        0x0 src/MCP2515.o
 .data          0x00000000        0x0 src/MCP2515.o
 .bss           0x00000000        0x0 src/MCP2515.o
 .text.mcp_read_buffer
                0x00000000       0x28 src/MCP2515.o
 .rodata.str1.1
                0x00000000       0x2d src/MCP2515.o
 .text.mcp_loopback_set
                0x00000000       0x48 src/MCP2515.o
 .text          0x00000000        0x0 src/main.o
 .data          0x00000000        0x0 src/main.o
 .bss           0x00000000        0x0 src/main.o
 .text          0x00000000        0x0 src/motor.o
 .data          0x00000000        0x0 src/motor.o
 .bss           0x00000000        0x0 src/motor.o
 .text.motor_encoder_convert_range
                0x00000000       0x2e src/motor.o
 .rodata.lowpass_enable
                0x00000000        0x2 src/motor.o
 .rodata.lowpass_coeff
                0x00000000        0x2 src/motor.o
 .text          0x00000000        0x0 src/pi.o
 .data          0x00000000        0x0 src/pi.o
 .bss           0x00000000        0x0 src/pi.o
 .text          0x00000000        0x0 src/pwm.o
 .data          0x00000000        0x0 src/pwm.o
 .bss           0x00000000        0x0 src/pwm.o
 .text          0x00000000        0x0 src/solenoid.o
 .data          0x00000000        0x0 src/solenoid.o
 .bss           0x00000000        0x0 src/solenoid.o
 .text          0x00000000        0x0 src/spi_driver.o
 .data          0x00000000        0x0 src/spi_driver.o
 .bss           0x00000000        0x0 src/spi_driver.o
 .text          0x00000000        0x0 src/TWI_Master.o
 .data          0x00000000        0x0 src/TWI_Master.o
 .bss           0x00000000        0x0 src/TWI_Master.o
 .text.TWI_Transceiver_Busy
                0x00000000        0x8 src/TWI_Master.o
 .text.TWI_Get_State_Info
                0x00000000       0x10 src/TWI_Master.o
 .text.TWI_Start_Transceiver
                0x00000000       0x1c src/TWI_Master.o
 .text.TWI_Get_Data_From_Transceiver
                0x00000000       0x62 src/TWI_Master.o
 .text          0x00000000        0x0 src/uart.o
 .data          0x00000000        0x0 src/uart.o
 .bss           0x00000000        0x0 src/uart.o
 .text.uart_recv
                0x00000000       0x5e src/uart.o
 .data.uart_in  0x00000000        0xe src/uart.o
 .text          0x00000000        0x0 c:/program files (x86)/atmel/atmel toolchain/avr8 gcc/native/3.4.1061/avr8-gnu-toolchain/bin/../lib/gcc/avr/4.8.1/avr6\libgcc.a(_udivmodsi4.o)
 .data          0x00000000        0x0 c:/program files (x86)/atmel/atmel toolchain/avr8 gcc/native/3.4.1061/avr8-gnu-toolchain/bin/../lib/gcc/avr/4.8.1/avr6\libgcc.a(_udivmodsi4.o)
 .bss           0x00000000        0x0 c:/program files (x86)/atmel/atmel toolchain/avr8 gcc/native/3.4.1061/avr8-gnu-toolchain/bin/../lib/gcc/avr/4.8.1/avr6\libgcc.a(_udivmodsi4.o)
 .text.libgcc.mul
                0x00000000        0x0 c:/program files (x86)/atmel/atmel toolchain/avr8 gcc/native/3.4.1061/avr8-gnu-toolchain/bin/../lib/gcc/avr/4.8.1/avr6\libgcc.a(_udivmodsi4.o)
 .text.libgcc.div
                0x00000000       0x44 c:/program files (x86)/atmel/atmel toolchain/avr8 gcc/native/3.4.1061/avr8-gnu-toolchain/bin/../lib/gcc/avr/4.8.1/avr6\libgcc.a(_udivmodsi4.o)
 .text.libgcc   0x00000000        0x0 c:/program files (x86)/atmel/atmel toolchain/avr8 gcc/native/3.4.1061/avr8-gnu-toolchain/bin/../lib/gcc/avr/4.8.1/avr6\libgcc.a(_udivmodsi4.o)
 .text.libgcc.prologue
                0x00000000        0x0 c:/program files (x86)/atmel/atmel toolchain/avr8 gcc/native/3.4.1061/avr8-gnu-toolchain/bin/../lib/gcc/avr/4.8.1/avr6\libgcc.a(_udivmodsi4.o)
 .text.libgcc.builtins
                0x00000000        0x0 c:/program files (x86)/atmel/atmel toolchain/avr8 gcc/native/3.4.1061/avr8-gnu-toolchain/bin/../lib/gcc/avr/4.8.1/avr6\libgcc.a(_udivmodsi4.o)
 .text.libgcc.fmul
                0x00000000        0x0 c:/program files (x86)/atmel/atmel toolchain/avr8 gcc/native/3.4.1061/avr8-gnu-toolchain/bin/../lib/gcc/avr/4.8.1/avr6\libgcc.a(_udivmodsi4.o)
 .text.libgcc.fixed
                0x00000000        0x0 c:/program files (x86)/atmel/atmel toolchain/avr8 gcc/native/3.4.1061/avr8-gnu-toolchain/bin/../lib/gcc/avr/4.8.1/avr6\libgcc.a(_udivmodsi4.o)
 .text          0x00000000        0x0 c:/program files (x86)/atmel/atmel toolchain/avr8 gcc/native/3.4.1061/avr8-gnu-toolchain/bin/../lib/gcc/avr/4.8.1/avr6\libgcc.a(_exit.o)
 .data          0x00000000        0x0 c:/program files (x86)/atmel/atmel toolchain/avr8 gcc/native/3.4.1061/avr8-gnu-toolchain/bin/../lib/gcc/avr/4.8.1/avr6\libgcc.a(_exit.o)
 .bss           0x00000000        0x0 c:/program files (x86)/atmel/atmel toolchain/avr8 gcc/native/3.4.1061/avr8-gnu-toolchain/bin/../lib/gcc/avr/4.8.1/avr6\libgcc.a(_exit.o)
 .text.libgcc.mul
                0x00000000        0x0 c:/program files (x86)/atmel/atmel toolchain/avr8 gcc/native/3.4.1061/avr8-gnu-toolchain/bin/../lib/gcc/avr/4.8.1/avr6\libgcc.a(_exit.o)
 .text.libgcc.div
                0x00000000        0x0 c:/program files (x86)/atmel/atmel toolchain/avr8 gcc/native/3.4.1061/avr8-gnu-toolchain/bin/../lib/gcc/avr/4.8.1/avr6\libgcc.a(_exit.o)
 .text.libgcc   0x00000000        0x0 c:/program files (x86)/atmel/atmel toolchain/avr8 gcc/native/3.4.1061/avr8-gnu-toolchain/bin/../lib/gcc/avr/4.8.1/avr6\libgcc.a(_exit.o)
 .text.libgcc.prologue
                0x00000000        0x0 c:/program files (x86)/atmel/atmel toolchain/avr8 gcc/native/3.4.1061/avr8-gnu-toolchain/bin/../lib/gcc/avr/4.8.1/avr6\libgcc.a(_exit.o)
 .text.libgcc.builtins
                0x00000000        0x0 c:/program files (x86)/atmel/atmel toolchain/avr8 gcc/native/3.4.1061/avr8-gnu-toolchain/bin/../lib/gcc/avr/4.8.1/avr6\libgcc.a(_exit.o)
 .text.libgcc.fmul
                0x00000000        0x0 c:/program files (x86)/atmel/atmel toolchain/avr8 gcc/native/3.4.1061/avr8-gnu-toolchain/bin/../lib/gcc/avr/4.8.1/avr6\libgcc.a(_exit.o)
 .text.libgcc.fixed
                0x00000000        0x0 c:/program files (x86)/atmel/atmel toolchain/avr8 gcc/native/3.4.1061/avr8-gnu-toolchain/bin/../lib/gcc/avr/4.8.1/avr6\libgcc.a(_exit.o)
 .text          0x00000000        0x0 c:/program files (x86)/atmel/atmel toolchain/avr8 gcc/native/3.4.1061/avr8-gnu-toolchain/bin/../lib/gcc/avr/4.8.1/avr6\libgcc.a(_tablejump.o)
 .data          0x00000000        0x0 c:/program files (x86)/atmel/atmel toolchain/avr8 gcc/native/3.4.1061/avr8-gnu-toolchain/bin/../lib/gcc/avr/4.8.1/avr6\libgcc.a(_tablejump.o)
 .bss           0x00000000        0x0 c:/program files (x86)/atmel/atmel toolchain/avr8 gcc/native/3.4.1061/avr8-gnu-toolchain/bin/../lib/gcc/avr/4.8.1/avr6\libgcc.a(_tablejump.o)
 .text.libgcc.mul
                0x00000000        0x0 c:/program files (x86)/atmel/atmel toolchain/avr8 gcc/native/3.4.1061/avr8-gnu-toolchain/bin/../lib/gcc/avr/4.8.1/avr6\libgcc.a(_tablejump.o)
 .text.libgcc.div
                0x00000000        0x0 c:/program files (x86)/atmel/atmel toolchain/avr8 gcc/native/3.4.1061/avr8-gnu-toolchain/bin/../lib/gcc/avr/4.8.1/avr6\libgcc.a(_tablejump.o)
 .text.libgcc.prologue
                0x00000000        0x0 c:/program files (x86)/atmel/atmel toolchain/avr8 gcc/native/3.4.1061/avr8-gnu-toolchain/bin/../lib/gcc/avr/4.8.1/avr6\libgcc.a(_tablejump.o)
 .text.libgcc.builtins
                0x00000000        0x0 c:/program files (x86)/atmel/atmel toolchain/avr8 gcc/native/3.4.1061/avr8-gnu-toolchain/bin/../lib/gcc/avr/4.8.1/avr6\libgcc.a(_tablejump.o)
 .text.libgcc.fmul
                0x00000000        0x0 c:/program files (x86)/atmel/atmel toolchain/avr8 gcc/native/3.4.1061/avr8-gnu-toolchain/bin/../lib/gcc/avr/4.8.1/avr6\libgcc.a(_tablejump.o)
 .text.libgcc.fixed
                0x00000000        0x0 c:/program files (x86)/atmel/atmel toolchain/avr8 gcc/native/3.4.1061/avr8-gnu-toolchain/bin/../lib/gcc/avr/4.8.1/avr6\libgcc.a(_tablejump.o)
 .text          0x00000000        0x0 c:/program files (x86)/atmel/atmel toolchain/avr8 gcc/native/3.4.1061/avr8-gnu-toolchain/bin/../lib/gcc/avr/4.8.1/avr6\libgcc.a(_copy_data.o)
 .data          0x00000000        0x0 c:/program files (x86)/atmel/atmel toolchain/avr8 gcc/native/3.4.1061/avr8-gnu-toolchain/bin/../lib/gcc/avr/4.8.1/avr6\libgcc.a(_copy_data.o)
 .bss           0x00000000        0x0 c:/program files (x86)/atmel/atmel toolchain/avr8 gcc/native/3.4.1061/avr8-gnu-toolchain/bin/../lib/gcc/avr/4.8.1/avr6\libgcc.a(_copy_data.o)
 .text.libgcc.mul
                0x00000000        0x0 c:/program files (x86)/atmel/atmel toolchain/avr8 gcc/native/3.4.1061/avr8-gnu-toolchain/bin/../lib/gcc/avr/4.8.1/avr6\libgcc.a(_copy_data.o)
 .text.libgcc.div
                0x00000000        0x0 c:/program files (x86)/atmel/atmel toolchain/avr8 gcc/native/3.4.1061/avr8-gnu-toolchain/bin/../lib/gcc/avr/4.8.1/avr6\libgcc.a(_copy_data.o)
 .text.libgcc   0x00000000        0x0 c:/program files (x86)/atmel/atmel toolchain/avr8 gcc/native/3.4.1061/avr8-gnu-toolchain/bin/../lib/gcc/avr/4.8.1/avr6\libgcc.a(_copy_data.o)
 .text.libgcc.prologue
                0x00000000        0x0 c:/program files (x86)/atmel/atmel toolchain/avr8 gcc/native/3.4.1061/avr8-gnu-toolchain/bin/../lib/gcc/avr/4.8.1/avr6\libgcc.a(_copy_data.o)
 .text.libgcc.builtins
                0x00000000        0x0 c:/program files (x86)/atmel/atmel toolchain/avr8 gcc/native/3.4.1061/avr8-gnu-toolchain/bin/../lib/gcc/avr/4.8.1/avr6\libgcc.a(_copy_data.o)
 .text.libgcc.fmul
                0x00000000        0x0 c:/program files (x86)/atmel/atmel toolchain/avr8 gcc/native/3.4.1061/avr8-gnu-toolchain/bin/../lib/gcc/avr/4.8.1/avr6\libgcc.a(_copy_data.o)
 .text.libgcc.fixed
                0x00000000        0x0 c:/program files (x86)/atmel/atmel toolchain/avr8 gcc/native/3.4.1061/avr8-gnu-toolchain/bin/../lib/gcc/avr/4.8.1/avr6\libgcc.a(_copy_data.o)
 .text          0x00000000        0x0 c:/program files (x86)/atmel/atmel toolchain/avr8 gcc/native/3.4.1061/avr8-gnu-toolchain/bin/../lib/gcc/avr/4.8.1/avr6\libgcc.a(_clear_bss.o)
 .data          0x00000000        0x0 c:/program files (x86)/atmel/atmel toolchain/avr8 gcc/native/3.4.1061/avr8-gnu-toolchain/bin/../lib/gcc/avr/4.8.1/avr6\libgcc.a(_clear_bss.o)
 .bss           0x00000000        0x0 c:/program files (x86)/atmel/atmel toolchain/avr8 gcc/native/3.4.1061/avr8-gnu-toolchain/bin/../lib/gcc/avr/4.8.1/avr6\libgcc.a(_clear_bss.o)
 .text.libgcc.mul
                0x00000000        0x0 c:/program files (x86)/atmel/atmel toolchain/avr8 gcc/native/3.4.1061/avr8-gnu-toolchain/bin/../lib/gcc/avr/4.8.1/avr6\libgcc.a(_clear_bss.o)
 .text.libgcc.div
                0x00000000        0x0 c:/program files (x86)/atmel/atmel toolchain/avr8 gcc/native/3.4.1061/avr8-gnu-toolchain/bin/../lib/gcc/avr/4.8.1/avr6\libgcc.a(_clear_bss.o)
 .text.libgcc   0x00000000        0x0 c:/program files (x86)/atmel/atmel toolchain/avr8 gcc/native/3.4.1061/avr8-gnu-toolchain/bin/../lib/gcc/avr/4.8.1/avr6\libgcc.a(_clear_bss.o)
 .text.libgcc.prologue
                0x00000000        0x0 c:/program files (x86)/atmel/atmel toolchain/avr8 gcc/native/3.4.1061/avr8-gnu-toolchain/bin/../lib/gcc/avr/4.8.1/avr6\libgcc.a(_clear_bss.o)
 .text.libgcc.builtins
                0x00000000        0x0 c:/program files (x86)/atmel/atmel toolchain/avr8 gcc/native/3.4.1061/avr8-gnu-toolchain/bin/../lib/gcc/avr/4.8.1/avr6\libgcc.a(_clear_bss.o)
 .text.libgcc.fmul
                0x00000000        0x0 c:/program files (x86)/atmel/atmel toolchain/avr8 gcc/native/3.4.1061/avr8-gnu-toolchain/bin/../lib/gcc/avr/4.8.1/avr6\libgcc.a(_clear_bss.o)
 .text.libgcc.fixed
                0x00000000        0x0 c:/program files (x86)/atmel/atmel toolchain/avr8 gcc/native/3.4.1061/avr8-gnu-toolchain/bin/../lib/gcc/avr/4.8.1/avr6\libgcc.a(_clear_bss.o)
 .text          0x00000000        0x0 c:/program files (x86)/atmel/atmel toolchain/avr8 gcc/native/3.4.1061/avr8-gnu-toolchain/bin/../lib/gcc/avr/4.8.1/avr6\libgcc.a(_umulhisi3.o)
 .data          0x00000000        0x0 c:/program files (x86)/atmel/atmel toolchain/avr8 gcc/native/3.4.1061/avr8-gnu-toolchain/bin/../lib/gcc/avr/4.8.1/avr6\libgcc.a(_umulhisi3.o)
 .bss           0x00000000        0x0 c:/program files (x86)/atmel/atmel toolchain/avr8 gcc/native/3.4.1061/avr8-gnu-toolchain/bin/../lib/gcc/avr/4.8.1/avr6\libgcc.a(_umulhisi3.o)
 .text.libgcc.div
                0x00000000        0x0 c:/program files (x86)/atmel/atmel toolchain/avr8 gcc/native/3.4.1061/avr8-gnu-toolchain/bin/../lib/gcc/avr/4.8.1/avr6\libgcc.a(_umulhisi3.o)
 .text.libgcc   0x00000000        0x0 c:/program files (x86)/atmel/atmel toolchain/avr8 gcc/native/3.4.1061/avr8-gnu-toolchain/bin/../lib/gcc/avr/4.8.1/avr6\libgcc.a(_umulhisi3.o)
 .text.libgcc.prologue
                0x00000000        0x0 c:/program files (x86)/atmel/atmel toolchain/avr8 gcc/native/3.4.1061/avr8-gnu-toolchain/bin/../lib/gcc/avr/4.8.1/avr6\libgcc.a(_umulhisi3.o)
 .text.libgcc.builtins
                0x00000000        0x0 c:/program files (x86)/atmel/atmel toolchain/avr8 gcc/native/3.4.1061/avr8-gnu-toolchain/bin/../lib/gcc/avr/4.8.1/avr6\libgcc.a(_umulhisi3.o)
 .text.libgcc.fmul
                0x00000000        0x0 c:/program files (x86)/atmel/atmel toolchain/avr8 gcc/native/3.4.1061/avr8-gnu-toolchain/bin/../lib/gcc/avr/4.8.1/avr6\libgcc.a(_umulhisi3.o)
 .text.libgcc.fixed
                0x00000000        0x0 c:/program files (x86)/atmel/atmel toolchain/avr8 gcc/native/3.4.1061/avr8-gnu-toolchain/bin/../lib/gcc/avr/4.8.1/avr6\libgcc.a(_umulhisi3.o)
 .text          0x00000000        0x0 c:/program files (x86)/atmel/atmel toolchain/avr8 gcc/native/3.4.1061/avr8-gnu-toolchain/bin/../lib/gcc/avr/4.8.1/avr6\libgcc.a(_muluhisi3.o)
 .data          0x00000000        0x0 c:/program files (x86)/atmel/atmel toolchain/avr8 gcc/native/3.4.1061/avr8-gnu-toolchain/bin/../lib/gcc/avr/4.8.1/avr6\libgcc.a(_muluhisi3.o)
 .bss           0x00000000        0x0 c:/program files (x86)/atmel/atmel toolchain/avr8 gcc/native/3.4.1061/avr8-gnu-toolchain/bin/../lib/gcc/avr/4.8.1/avr6\libgcc.a(_muluhisi3.o)
 .text.libgcc.div
                0x00000000        0x0 c:/program files (x86)/atmel/atmel toolchain/avr8 gcc/native/3.4.1061/avr8-gnu-toolchain/bin/../lib/gcc/avr/4.8.1/avr6\libgcc.a(_muluhisi3.o)
 .text.libgcc   0x00000000        0x0 c:/program files (x86)/atmel/atmel toolchain/avr8 gcc/native/3.4.1061/avr8-gnu-toolchain/bin/../lib/gcc/avr/4.8.1/avr6\libgcc.a(_muluhisi3.o)
 .text.libgcc.prologue
                0x00000000        0x0 c:/program files (x86)/atmel/atmel toolchain/avr8 gcc/native/3.4.1061/avr8-gnu-toolchain/bin/../lib/gcc/avr/4.8.1/avr6\libgcc.a(_muluhisi3.o)
 .text.libgcc.builtins
                0x00000000        0x0 c:/program files (x86)/atmel/atmel toolchain/avr8 gcc/native/3.4.1061/avr8-gnu-toolchain/bin/../lib/gcc/avr/4.8.1/avr6\libgcc.a(_muluhisi3.o)
 .text.libgcc.fmul
                0x00000000        0x0 c:/program files (x86)/atmel/atmel toolchain/avr8 gcc/native/3.4.1061/avr8-gnu-toolchain/bin/../lib/gcc/avr/4.8.1/avr6\libgcc.a(_muluhisi3.o)
 .text.libgcc.fixed
                0x00000000        0x0 c:/program files (x86)/atmel/atmel toolchain/avr8 gcc/native/3.4.1061/avr8-gnu-toolchain/bin/../lib/gcc/avr/4.8.1/avr6\libgcc.a(_muluhisi3.o)
 .text          0x00000000        0x0 c:/program files (x86)/atmel/atmel toolchain/avr8 gcc/native/3.4.1061/avr8-gnu-toolchain/bin/../lib/gcc/avr/4.8.1/../../../../avr/lib/avr6\libc.a(fprintf.o)
 .data          0x00000000        0x0 c:/program files (x86)/atmel/atmel toolchain/avr8 gcc/native/3.4.1061/avr8-gnu-toolchain/bin/../lib/gcc/avr/4.8.1/../../../../avr/lib/avr6\libc.a(fprintf.o)
 .bss           0x00000000        0x0 c:/program files (x86)/atmel/atmel toolchain/avr8 gcc/native/3.4.1061/avr8-gnu-toolchain/bin/../lib/gcc/avr/4.8.1/../../../../avr/lib/avr6\libc.a(fprintf.o)
 .text          0x00000000        0x0 c:/program files (x86)/atmel/atmel toolchain/avr8 gcc/native/3.4.1061/avr8-gnu-toolchain/bin/../lib/gcc/avr/4.8.1/../../../../avr/lib/avr6\libc.a(fputc.o)
 .data          0x00000000        0x0 c:/program files (x86)/atmel/atmel toolchain/avr8 gcc/native/3.4.1061/avr8-gnu-toolchain/bin/../lib/gcc/avr/4.8.1/../../../../avr/lib/avr6\libc.a(fputc.o)
 .bss           0x00000000        0x0 c:/program files (x86)/atmel/atmel toolchain/avr8 gcc/native/3.4.1061/avr8-gnu-toolchain/bin/../lib/gcc/avr/4.8.1/../../../../avr/lib/avr6\libc.a(fputc.o)
 .text          0x00000000        0x0 c:/program files (x86)/atmel/atmel toolchain/avr8 gcc/native/3.4.1061/avr8-gnu-toolchain/bin/../lib/gcc/avr/4.8.1/../../../../avr/lib/avr6\libc.a(fwrite.o)
 .data          0x00000000        0x0 c:/program files (x86)/atmel/atmel toolchain/avr8 gcc/native/3.4.1061/avr8-gnu-toolchain/bin/../lib/gcc/avr/4.8.1/../../../../avr/lib/avr6\libc.a(fwrite.o)
 .bss           0x00000000        0x0 c:/program files (x86)/atmel/atmel toolchain/avr8 gcc/native/3.4.1061/avr8-gnu-toolchain/bin/../lib/gcc/avr/4.8.1/../../../../avr/lib/avr6\libc.a(fwrite.o)
 .text          0x00000000        0x0 c:/program files (x86)/atmel/atmel toolchain/avr8 gcc/native/3.4.1061/avr8-gnu-toolchain/bin/../lib/gcc/avr/4.8.1/../../../../avr/lib/avr6\libc.a(vfprintf_std.o)
 .data          0x00000000        0x0 c:/program files (x86)/atmel/atmel toolchain/avr8 gcc/native/3.4.1061/avr8-gnu-toolchain/bin/../lib/gcc/avr/4.8.1/../../../../avr/lib/avr6\libc.a(vfprintf_std.o)
 .bss           0x00000000        0x0 c:/program files (x86)/atmel/atmel toolchain/avr8 gcc/native/3.4.1061/avr8-gnu-toolchain/bin/../lib/gcc/avr/4.8.1/../../../../avr/lib/avr6\libc.a(vfprintf_std.o)
 .text          0x00000000        0x0 c:/program files (x86)/atmel/atmel toolchain/avr8 gcc/native/3.4.1061/avr8-gnu-toolchain/bin/../lib/gcc/avr/4.8.1/../../../../avr/lib/avr6\libc.a(strnlen_P.o)
 .data          0x00000000        0x0 c:/program files (x86)/atmel/atmel toolchain/avr8 gcc/native/3.4.1061/avr8-gnu-toolchain/bin/../lib/gcc/avr/4.8.1/../../../../avr/lib/avr6\libc.a(strnlen_P.o)
 .bss           0x00000000        0x0 c:/program files (x86)/atmel/atmel toolchain/avr8 gcc/native/3.4.1061/avr8-gnu-toolchain/bin/../lib/gcc/avr/4.8.1/../../../../avr/lib/avr6\libc.a(strnlen_P.o)
 .text          0x00000000        0x0 c:/program files (x86)/atmel/atmel toolchain/avr8 gcc/native/3.4.1061/avr8-gnu-toolchain/bin/../lib/gcc/avr/4.8.1/../../../../avr/lib/avr6\libc.a(strnlen.o)
 .data          0x00000000        0x0 c:/program files (x86)/atmel/atmel toolchain/avr8 gcc/native/3.4.1061/avr8-gnu-toolchain/bin/../lib/gcc/avr/4.8.1/../../../../avr/lib/avr6\libc.a(strnlen.o)
 .bss           0x00000000        0x0 c:/program files (x86)/atmel/atmel toolchain/avr8 gcc/native/3.4.1061/avr8-gnu-toolchain/bin/../lib/gcc/avr/4.8.1/../../../../avr/lib/avr6\libc.a(strnlen.o)
 .text          0x00000000        0x0 c:/program files (x86)/atmel/atmel toolchain/avr8 gcc/native/3.4.1061/avr8-gnu-toolchain/bin/../lib/gcc/avr/4.8.1/../../../../avr/lib/avr6\libc.a(ultoa_invert.o)
 .data          0x00000000        0x0 c:/program files (x86)/atmel/atmel toolchain/avr8 gcc/native/3.4.1061/avr8-gnu-toolchain/bin/../lib/gcc/avr/4.8.1/../../../../avr/lib/avr6\libc.a(ultoa_invert.o)
 .bss           0x00000000        0x0 c:/program files (x86)/atmel/atmel toolchain/avr8 gcc/native/3.4.1061/avr8-gnu-toolchain/bin/../lib/gcc/avr/4.8.1/../../../../avr/lib/avr6\libc.a(ultoa_invert.o)

Memory Configuration

Name             Origin             Length             Attributes
text             0x00000000         0x00100000         xr
data             0x00800200         0x0000fe00         rw !x
eeprom           0x00810000         0x00010000         rw !x
fuse             0x00820000         0x00000400         rw !x
lock             0x00830000         0x00000400         rw !x
signature        0x00840000         0x00000400         rw !x
user_signatures  0x00850000         0x00000400         rw !x
*default*        0x00000000         0xffffffff

Linker script and memory map

Address of section .data set to 0x800200
LOAD c:/program files (x86)/atmel/atmel toolchain/avr8 gcc/native/3.4.1061/avr8-gnu-toolchain/bin/../lib/gcc/avr/4.8.1/../../../../avr/lib/avr6/crtm2560.o
LOAD src/can.o
LOAD src/dac.o
LOAD src/game_slave.o
LOAD src/ir.o
LOAD src/MCP2515.o
LOAD src/main.o
LOAD src/motor.o
LOAD src/pi.o
LOAD src/pwm.o
LOAD src/solenoid.o
LOAD src/spi_driver.o
LOAD src/TWI_Master.o
LOAD src/uart.o
START GROUP
LOAD c:/program files (x86)/atmel/atmel toolchain/avr8 gcc/native/3.4.1061/avr8-gnu-toolchain/bin/../lib/gcc/avr/4.8.1/../../../../avr/lib/avr6\libm.a
END GROUP
START GROUP
LOAD c:/program files (x86)/atmel/atmel toolchain/avr8 gcc/native/3.4.1061/avr8-gnu-toolchain/bin/../lib/gcc/avr/4.8.1/avr6\libgcc.a
LOAD c:/program files (x86)/atmel/atmel toolchain/avr8 gcc/native/3.4.1061/avr8-gnu-toolchain/bin/../lib/gcc/avr/4.8.1/../../../../avr/lib/avr6\libm.a
LOAD c:/program files (x86)/atmel/atmel toolchain/avr8 gcc/native/3.4.1061/avr8-gnu-toolchain/bin/../lib/gcc/avr/4.8.1/../../../../avr/lib/avr6\libc.a
END GROUP

.hash
 *(.hash)

.dynsym
 *(.dynsym)

.dynstr
 *(.dynstr)

.gnu.version
 *(.gnu.version)

.gnu.version_d
 *(.gnu.version_d)

.gnu.version_r
 *(.gnu.version_r)

.rel.init
 *(.rel.init)

.rela.init
 *(.rela.init)

.rel.text
 *(.rel.text)
 *(.rel.text.*)
 *(.rel.gnu.linkonce.t*)

.rela.text
 *(.rela.text)
 *(.rela.text.*)
 *(.rela.gnu.linkonce.t*)

.rel.fini
 *(.rel.fini)

.rela.fini
 *(.rela.fini)

.rel.rodata
 *(.rel.rodata)
 *(.rel.rodata.*)
 *(.rel.gnu.linkonce.r*)

.rela.rodata
 *(.rela.rodata)
 *(.rela.rodata.*)
 *(.rela.gnu.linkonce.r*)

.rel.data
 *(.rel.data)
 *(.rel.data.*)
 *(.rel.gnu.linkonce.d*)

.rela.data
 *(.rela.data)
 *(.rela.data.*)
 *(.rela.gnu.linkonce.d*)

.rel.ctors
 *(.rel.ctors)

.rela.ctors
 *(.rela.ctors)

.rel.dtors
 *(.rel.dtors)

.rela.dtors
 *(.rela.dtors)

.rel.got
 *(.rel.got)

.rela.got
 *(.rela.got)

.rel.bss
 *(.rel.bss)

.rela.bss
 *(.rela.bss)

.rel.plt
 *(.rel.plt)

.rela.plt
 *(.rela.plt)

.text           0x00000000     0x16f8
 *(.vectors)
 .vectors       0x00000000       0xe4 c:/program files (x86)/atmel/atmel toolchain/avr8 gcc/native/3.4.1061/avr8-gnu-toolchain/bin/../lib/gcc/avr/4.8.1/../../../../avr/lib/avr6/crtm2560.o
                0x00000000                __vector_default
                0x00000000                __vectors
 *(.vectors)
 *(.progmem.gcc*)
 .progmem.gcc_sw_table.__vector_39
                0x000000e4       0xa2 src/TWI_Master.o
                0x00000186                . = ALIGN (0x2)
                0x00000186                __trampolines_start = .
 *(.trampolines)
 .trampolines   0x00000186        0x0 linker stubs
 *(.trampolines*)
                0x00000186                __trampolines_end = .
 *(.progmem*)
                0x00000186                . = ALIGN (0x2)
 *(.jumptables)
 *(.jumptables*)
 *(.lowtext)
 *(.lowtext*)
                0x00000186                __ctors_start = .
 *(.ctors)
                0x00000186                __ctors_end = .
                0x00000186                __dtors_start = .
 *(.dtors)
                0x00000186                __dtors_end = .
 SORT(*)(.ctors)
 SORT(*)(.dtors)
 *(.init0)
 .init0         0x00000186        0x0 c:/program files (x86)/atmel/atmel toolchain/avr8 gcc/native/3.4.1061/avr8-gnu-toolchain/bin/../lib/gcc/avr/4.8.1/../../../../avr/lib/avr6/crtm2560.o
                0x00000186                __init
 *(.init0)
 *(.init1)
 *(.init1)
 *(.init2)
 .init2         0x00000186       0x10 c:/program files (x86)/atmel/atmel toolchain/avr8 gcc/native/3.4.1061/avr8-gnu-toolchain/bin/../lib/gcc/avr/4.8.1/../../../../avr/lib/avr6/crtm2560.o
 *(.init2)
 *(.init3)
 *(.init3)
 *(.init4)
 .init4         0x00000196       0x1a c:/program files (x86)/atmel/atmel toolchain/avr8 gcc/native/3.4.1061/avr8-gnu-toolchain/bin/../lib/gcc/avr/4.8.1/avr6\libgcc.a(_copy_data.o)
                0x00000196                __do_copy_data
 .init4         0x000001b0       0x10 c:/program files (x86)/atmel/atmel toolchain/avr8 gcc/native/3.4.1061/avr8-gnu-toolchain/bin/../lib/gcc/avr/4.8.1/avr6\libgcc.a(_clear_bss.o)
                0x000001b0                __do_clear_bss
 *(.init4)
 *(.init5)
 *(.init5)
 *(.init6)
 *(.init6)
 *(.init7)
 *(.init7)
 *(.init8)
 *(.init8)
 *(.init9)
 .init9         0x000001c0        0x6 c:/program files (x86)/atmel/atmel toolchain/avr8 gcc/native/3.4.1061/avr8-gnu-toolchain/bin/../lib/gcc/avr/4.8.1/../../../../avr/lib/avr6/crtm2560.o
 *(.init9)
 *(.text)
 .text          0x000001c6        0x2 c:/program files (x86)/atmel/atmel toolchain/avr8 gcc/native/3.4.1061/avr8-gnu-toolchain/bin/../lib/gcc/avr/4.8.1/../../../../avr/lib/avr6/crtm2560.o
                0x000001c6                __vector_38
                0x000001c6                __vector_22
                0x000001c6                __vector_28
                0x000001c6                __vector_1
                0x000001c6                __vector_34
                0x000001c6                __vector_24
                0x000001c6                __vector_12
                0x000001c6                __vector_55
                0x000001c6                __vector_46
                0x000001c6                __bad_interrupt
                0x000001c6                __vector_6
                0x000001c6                __vector_31
                0x000001c6                __vector_35
                0x000001c6                __vector_23
                0x000001c6                __vector_30
                0x000001c6                __vector_11
                0x000001c6                __vector_54
                0x000001c6                __vector_13
                0x000001c6                __vector_17
                0x000001c6                __vector_19
                0x000001c6                __vector_56
                0x000001c6                __vector_7
                0x000001c6                __vector_49
                0x000001c6                __vector_41
                0x000001c6                __vector_43
                0x000001c6                __vector_27
                0x000001c6                __vector_5
                0x000001c6                __vector_33
                0x000001c6                __vector_52
                0x000001c6                __vector_37
                0x000001c6                __vector_4
                0x000001c6                __vector_44
                0x000001c6                __vector_51
                0x000001c6                __vector_9
                0x000001c6                __vector_2
                0x000001c6                __vector_21
                0x000001c6                __vector_15
                0x000001c6                __vector_36
                0x000001c6                __vector_29
                0x000001c6                __vector_40
                0x000001c6                __vector_8
                0x000001c6                __vector_26
                0x000001c6                __vector_48
                0x000001c6                __vector_14
                0x000001c6                __vector_53
                0x000001c6                __vector_10
                0x000001c6                __vector_50
                0x000001c6                __vector_16
                0x000001c6                __vector_18
                0x000001c6                __vector_20
                0x000001c6                __vector_42
                0x000001c8                . = ALIGN (0x2)
 *(.text.*)
 .text.__vector_3
                0x000001c8      0x156 src/can.o
                0x000001c8                __vector_3
 .text.can_init
                0x0000031e       0x10 src/can.o
                0x0000031e                can_init
 .text.can_send
                0x0000032e       0xac src/can.o
                0x0000032e                can_send
 .text.can_read_buffer
                0x000003da       0x80 src/can.o
                0x000003da                can_read_buffer
 .text.dac_init
                0x0000045a       0x1a src/dac.o
                0x0000045a                dac_init
 .text.dac_output
                0x00000474       0x36 src/dac.o
                0x00000474                dac_output
 .text.game_init
                0x000004aa       0x76 src/game_slave.o
                0x000004aa                game_init
 .text.game_update_ball_dropped
                0x00000520       0x30 src/game_slave.o
                0x00000520                game_update_ball_dropped
 .text.game_tick
                0x00000550      0x20c src/game_slave.o
                0x00000550                game_tick
 .text.__vector_32
                0x0000075c       0x66 src/game_slave.o
                0x0000075c                __vector_32
 .text.ir_init  0x000007c2       0x12 src/ir.o
                0x000007c2                ir_init
 .text.ir_read  0x000007d4       0x24 src/ir.o
                0x000007d4                ir_read
 .text.mcp_reset
                0x000007f8       0x12 src/MCP2515.o
                0x000007f8                mcp_reset
 .text.mcp_read
                0x0000080a       0x1c src/MCP2515.o
                0x0000080a                mcp_read
 .text.mcp_write
                0x00000826       0x1e src/MCP2515.o
                0x00000826                mcp_write
 .text.mcp_rts  0x00000844       0x20 src/MCP2515.o
                0x00000844                mcp_rts
 .text.mcp_readstatus
                0x00000864       0x16 src/MCP2515.o
                0x00000864                mcp_readstatus
 .text.mcp_bitmodify
                0x0000087a       0x28 src/MCP2515.o
                0x0000087a                mcp_bitmodify
 .text.mcp_init
                0x000008a2       0x2e src/MCP2515.o
                0x000008a2                mcp_init
 .text.main     0x000008d0      0x11e src/main.o
                0x000008d0                main
 .text.motor_read_encoder
                0x000009ee       0x70 src/motor.o
                0x000009ee                motor_read_encoder
 .text.motor_enable
                0x00000a5e        0xc src/motor.o
                0x00000a5e                motor_enable
 .text.motor_set_speed
                0x00000a6a       0x24 src/motor.o
                0x00000a6a                motor_set_speed
 .text.__vector_45
                0x00000a8e       0x7a src/motor.o
                0x00000a8e                __vector_45
 .text.motor_set_position
                0x00000b08       0x4e src/motor.o
                0x00000b08                motor_set_position
 .text.motor_disable_position_control
                0x00000b56        0xc src/motor.o
                0x00000b56                motor_disable_position_control
 .text.motor_goto_center
                0x00000b62       0x30 src/motor.o
                0x00000b62                motor_goto_center
 .text.motor_encoder_calibrate
                0x00000b92       0xfc src/motor.o
                0x00000b92                motor_encoder_calibrate
 .text.motor_tune_regulator
                0x00000c8e       0x26 src/motor.o
                0x00000c8e                motor_tune_regulator
 .text.motor_init
                0x00000cb4       0x20 src/motor.o
                0x00000cb4                motor_init
 .text.pi_regulator_init
                0x00000cd4       0x14 src/pi.o
                0x00000cd4                pi_regulator_init
 .text.pi_regulator
                0x00000ce8       0xb8 src/pi.o
                0x00000ce8                pi_regulator
 .text.pi_reset_integrator
                0x00000da0        0xc src/pi.o
                0x00000da0                pi_reset_integrator
 .text.pwm_init
                0x00000dac       0x36 src/pwm.o
                0x00000dac                pwm_init
 .text.pwm_set_duty
                0x00000de2       0x22 src/pwm.o
                0x00000de2                pwm_set_duty
 .text.__vector_47
                0x00000e04       0x34 src/solenoid.o
                0x00000e04                __vector_47
 .text.solenoid_init
                0x00000e38       0x26 src/solenoid.o
                0x00000e38                solenoid_init
 .text.solenoid_trigger
                0x00000e5e        0xe src/solenoid.o
                0x00000e5e                solenoid_trigger
 .text.spi_ss_low
                0x00000e6c        0x4 src/spi_driver.o
                0x00000e6c                spi_ss_low
 .text.spi_ss_high
                0x00000e70        0x4 src/spi_driver.o
                0x00000e70                spi_ss_high
 .text.spi_init
                0x00000e74        0xe src/spi_driver.o
                0x00000e74                spi_init
 .text.spi_transmit
                0x00000e82        0xc src/spi_driver.o
                0x00000e82                spi_transmit
 .text.TWI_Master_Initialise
                0x00000e8e       0x14 src/TWI_Master.o
                0x00000e8e                TWI_Master_Initialise
 .text.TWI_Start_Transceiver_With_Data
                0x00000ea2       0x70 src/TWI_Master.o
                0x00000ea2                TWI_Start_Transceiver_With_Data
 .text.__vector_39
                0x00000f12      0x106 src/TWI_Master.o
                0x00000f12                __vector_39
 .text.uart_send
                0x00001018       0x14 src/uart.o
                0x00001018                uart_send
 .text.__vector_25
                0x0000102c       0x94 src/uart.o
                0x0000102c                __vector_25
 .text.uart_init
                0x000010c0       0x2c src/uart.o
                0x000010c0                uart_init
 .text.libgcc   0x000010ec        0xc c:/program files (x86)/atmel/atmel toolchain/avr8 gcc/native/3.4.1061/avr8-gnu-toolchain/bin/../lib/gcc/avr/4.8.1/avr6\libgcc.a(_tablejump.o)
                0x000010ec                __tablejump2__
                0x000010f0                __tablejump__
 .text.libgcc.mul
                0x000010f8       0x1e c:/program files (x86)/atmel/atmel toolchain/avr8 gcc/native/3.4.1061/avr8-gnu-toolchain/bin/../lib/gcc/avr/4.8.1/avr6\libgcc.a(_umulhisi3.o)
                0x000010f8                __umulhisi3
 .text.libgcc.mul
                0x00001116       0x14 c:/program files (x86)/atmel/atmel toolchain/avr8 gcc/native/3.4.1061/avr8-gnu-toolchain/bin/../lib/gcc/avr/4.8.1/avr6\libgcc.a(_muluhisi3.o)
                0x00001116                __muluhisi3
 .text.avr-libc
                0x0000112a       0x1e c:/program files (x86)/atmel/atmel toolchain/avr8 gcc/native/3.4.1061/avr8-gnu-toolchain/bin/../lib/gcc/avr/4.8.1/../../../../avr/lib/avr6\libc.a(fprintf.o)
                0x0000112a                fprintf
 .text.avr-libc
                0x00001148       0x64 c:/program files (x86)/atmel/atmel toolchain/avr8 gcc/native/3.4.1061/avr8-gnu-toolchain/bin/../lib/gcc/avr/4.8.1/../../../../avr/lib/avr6\libc.a(fputc.o)
                0x00001148                fputc
 .text.avr-libc
                0x000011ac       0x84 c:/program files (x86)/atmel/atmel toolchain/avr8 gcc/native/3.4.1061/avr8-gnu-toolchain/bin/../lib/gcc/avr/4.8.1/../../../../avr/lib/avr6\libc.a(fwrite.o)
                0x000011ac                fwrite
 .text.avr-libc
                0x00001230      0x3dc c:/program files (x86)/atmel/atmel toolchain/avr8 gcc/native/3.4.1061/avr8-gnu-toolchain/bin/../lib/gcc/avr/4.8.1/../../../../avr/lib/avr6\libc.a(vfprintf_std.o)
                0x00001230                vfprintf
 .text.avr-libc
                0x0000160c       0x16 c:/program files (x86)/atmel/atmel toolchain/avr8 gcc/native/3.4.1061/avr8-gnu-toolchain/bin/../lib/gcc/avr/4.8.1/../../../../avr/lib/avr6\libc.a(strnlen_P.o)
                0x0000160c                strnlen_P
 .text.avr-libc
                0x00001622       0x16 c:/program files (x86)/atmel/atmel toolchain/avr8 gcc/native/3.4.1061/avr8-gnu-toolchain/bin/../lib/gcc/avr/4.8.1/../../../../avr/lib/avr6\libc.a(strnlen.o)
                0x00001622                strnlen
 .text.avr-libc
                0x00001638       0xbc c:/program files (x86)/atmel/atmel toolchain/avr8 gcc/native/3.4.1061/avr8-gnu-toolchain/bin/../lib/gcc/avr/4.8.1/../../../../avr/lib/avr6\libc.a(ultoa_invert.o)
                0x00001638                __ultoa_invert
                0x000016f4                . = ALIGN (0x2)
 *(.fini9)
 .fini9         0x000016f4        0x0 c:/program files (x86)/atmel/atmel toolchain/avr8 gcc/native/3.4.1061/avr8-gnu-toolchain/bin/../lib/gcc/avr/4.8.1/avr6\libgcc.a(_exit.o)
                0x000016f4                _exit
                0x000016f4                exit
 *(.fini9)
 *(.fini8)
 *(.fini8)
 *(.fini7)
 *(.fini7)
 *(.fini6)
 *(.fini6)
 *(.fini5)
 *(.fini5)
 *(.fini4)
 *(.fini4)
 *(.fini3)
 *(.fini3)
 *(.fini2)
 *(.fini2)
 *(.fini1)
 *(.fini1)
 *(.fini0)
 .fini0         0x000016f4        0x4 c:/program files (x86)/atmel/atmel toolchain/avr8 gcc/native/3.4.1061/avr8-gnu-toolchain/bin/../lib/gcc/avr/4.8.1/avr6\libgcc.a(_exit.o)
 *(.fini0)
                0x000016f8                _etext = .

.data           0x00800200      0x18c load address 0x000016f8
                0x00800200                PROVIDE (__data_start, .)
 *(.data)
 *(.data*)
 .data.ball_dropped_threshold
                0x00800200        0x1 src/game_slave.o
 .data.game_setting
                0x00800201        0x1 src/game_slave.o
 .data.TWI_state
                0x00800202        0x1 src/TWI_Master.o
 .data.uart_out
                0x00800203        0xe src/uart.o
                0x00800203                uart_out
 *(.rodata)
 *(.rodata*)
 .rodata.str1.1
                0x00800211        0xd src/dac.o
 .rodata.str1.1
                0x0080021e       0x89 src/game_slave.o
 .rodata.str1.1
                0x008002a7       0xb7 src/main.o
                                 0xbd (size before relaxing)
 .rodata.str1.1
                0x0080035e       0x2d src/motor.o
 *(.gnu.linkonce.d*)
                0x0080038c                . = ALIGN (0x2)
 *fill*         0x0080038b        0x1 
                0x0080038c                _edata = .
                0x0080038c                PROVIDE (__data_end, .)

.bss            0x0080038c      0x142
                0x0080038c                PROVIDE (__bss_start, .)
 *(.bss)
 *(.bss*)
 .bss.rx_tail   0x0080038c        0x2 src/can.o
                0x0080038c                rx_tail
 .bss.rx_head   0x0080038e        0x2 src/can.o
                0x0080038e                rx_head
 .bss.rx_buffer
                0x00800390       0xa0 src/can.o
                0x00800390                rx_buffer
 .bss.interrupt_counter
                0x00800430        0x1 src/game_slave.o
 .bss.ball_dropped
                0x00800431        0x1 src/game_slave.o
 .bss.measurement
                0x00800432        0x2 src/motor.o
 .bss.encoder_setpoint
                0x00800434        0x2 src/motor.o
 .bss.calibrate_max
                0x00800436        0x2 src/motor.o
 .bss.calibrate_min
                0x00800438        0x2 src/motor.o
 .bss.is_calibrated
                0x0080043a        0x1 src/motor.o
 .bss.TWI_bufPtr.1699
                0x0080043b        0x1 src/TWI_Master.o
 .bss.TWI_statusReg
                0x0080043c        0x1 src/TWI_Master.o
                0x0080043c                TWI_statusReg
 .bss.TWI_msgSize
                0x0080043d        0x1 src/TWI_Master.o
 .bss.TWI_buf   0x0080043e        0x4 src/TWI_Master.o
 .bss.recvtail  0x00800442        0x2 src/uart.o
                0x00800442                recvtail
 .bss.recvhead  0x00800444        0x2 src/uart.o
                0x00800444                recvhead
 *(COMMON)
 COMMON         0x00800446        0x8 src/motor.o
                0x00800446                regulator
 COMMON         0x0080044e       0x80 src/uart.o
                0x0080044e                recv_buffer
                0x008004ce                PROVIDE (__bss_end, .)
                0x000016f8                __data_load_start = LOADADDR (.data)
                0x00001884                __data_load_end = (__data_load_start + SIZEOF (.data))

.noinit         0x008004ce        0x0
                0x008004ce                PROVIDE (__noinit_start, .)
 *(.noinit*)
                0x008004ce                PROVIDE (__noinit_end, .)
                0x008004ce                _end = .
                0x008004ce                PROVIDE (__heap_start, .)

.eeprom         0x00810000        0x0
 *(.eeprom*)
                0x00810000                __eeprom_end = .

.fuse
 *(.fuse)
 *(.lfuse)
 *(.hfuse)
 *(.efuse)

.lock
 *(.lock*)

.signature
 *(.signature*)

.user_signatures
 *(.user_signatures*)

.stab
 *(.stab)

.stabstr
 *(.stabstr)

.stab.excl
 *(.stab.excl)

.stab.exclstr
 *(.stab.exclstr)

.stab.index
 *(.stab.index)

.stab.indexstr
 *(.stab.indexstr)

.comment        0x00000000       0x5c
 *(.comment)
 .comment       0x00000000       0x30 src/can.o
                                 0x31 (size before relaxing)
 .comment       0x00000000       0x31 src/dac.o
 .comment       0x00000000       0x31 src/game_slave.o
 .comment       0x00000000       0x31 src/ir.o
 .comment       0x00000000       0x31 src/MCP2515.o
 .comment       0x00000000       0x31 src/main.o
 .comment       0x00000000       0x31 src/motor.o
 .comment       0x00000000       0x31 src/pi.o
 .comment       0x00000000       0x31 src/pwm.o
 .comment       0x00000000       0x31 src/solenoid.o
 .comment       0x00000000       0x31 src/spi_driver.o
 .comment       0x00000000       0x31 src/TWI_Master.o
 .comment       0x00000000       0x31 src/uart.o
 .comment       0x00000000       0x31 c:/program files (x86)/atmel/atmel toolchain/avr8 gcc/native/3.4.1061/avr8-gnu-toolchain/bin/../lib/gcc/avr/4.8.1/../../../../avr/lib/avr6\libc.a(fprintf.o)
 .comment       0x00000000       0x31 c:/program files (x86)/atmel/atmel toolchain/avr8 gcc/native/3.4.1061/avr8-gnu-toolchain/bin/../lib/gcc/avr/4.8.1/../../../../avr/lib/avr6\libc.a(fputc.o)
 .comment       0x00000000       0x31 c:/program files (x86)/atmel/atmel toolchain/avr8 gcc/native/3.4.1061/avr8-gnu-toolchain/bin/../lib/gcc/avr/4.8.1/../../../../avr/lib/avr6\libc.a(fwrite.o)
 .comment       0x00000030       0x2c c:/program files (x86)/atmel/atmel toolchain/avr8 gcc/native/3.4.1061/avr8-gnu-toolchain/bin/../lib/gcc/avr/4.8.1/../../../../avr/lib/avr6\libc.a(vfprintf_std.o)
                                 0x2d (size before relaxing)

.note.gnu.build-id
 *(.note.gnu.build-id)

.debug
 *(.debug)

.line
 *(.line)

.debug_srcinfo
 *(.debug_srcinfo)

.debug_sfnames
 *(.debug_sfnames)

.debug_aranges  0x00000000      0x300
 *(.debug_aranges)
 .debug_aranges
                0x00000000       0x40 src/can.o
 .debug_aranges
                0x00000040       0x28 src/dac.o
 .debug_aranges
                0x00000068       0x38 src/game_slave.o
 .debug_aranges
                0x000000a0       0x28 src/ir.o
 .debug_aranges
                0x000000c8       0x60 src/MCP2515.o
 .debug_aranges
                0x00000128       0x20 src/main.o
 .debug_aranges
                0x00000148       0x70 src/motor.o
 .debug_aranges
                0x000001b8       0x30 src/pi.o
 .debug_aranges
                0x000001e8       0x28 src/pwm.o
 .debug_aranges
                0x00000210       0x30 src/solenoid.o
 .debug_aranges
                0x00000240       0x38 src/spi_driver.o
 .debug_aranges
                0x00000278       0x50 src/TWI_Master.o
 .debug_aranges
                0x000002c8       0x38 src/uart.o

.debug_pubnames
 *(.debug_pubnames)

.debug_info     0x00000000     0x300a
 *(.debug_info .gnu.linkonce.wi.*)
 .debug_info    0x00000000      0x696 src/can.o
 .debug_info    0x00000696      0x243 src/dac.o
 .debug_info    0x000008d9      0x7d5 src/game_slave.o
 .debug_info    0x000010ae       0xb6 src/ir.o
 .debug_info    0x00001164      0x67e src/MCP2515.o
 .debug_info    0x000017e2      0x557 src/main.o
 .debug_info    0x00001d39      0x89a src/motor.o
 .debug_info    0x000025d3      0x1c5 src/pi.o
 .debug_info    0x00002798       0xcd src/pwm.o
 .debug_info    0x00002865       0xc6 src/solenoid.o
 .debug_info    0x0000292b       0xe5 src/spi_driver.o
 .debug_info    0x00002a10      0x39d src/TWI_Master.o
 .debug_info    0x00002dad      0x25d src/uart.o

.debug_abbrev   0x00000000     0x13ff
 *(.debug_abbrev)
 .debug_abbrev  0x00000000      0x2b5 src/can.o
 .debug_abbrev  0x000002b5      0x162 src/dac.o
 .debug_abbrev  0x00000417      0x2e7 src/game_slave.o
 .debug_abbrev  0x000006fe       0x6b src/ir.o
 .debug_abbrev  0x00000769      0x212 src/MCP2515.o
 .debug_abbrev  0x0000097b      0x157 src/main.o
 .debug_abbrev  0x00000ad2      0x30d src/motor.o
 .debug_abbrev  0x00000ddf      0x108 src/pi.o
 .debug_abbrev  0x00000ee7       0x78 src/pwm.o
 .debug_abbrev  0x00000f5f       0x67 src/solenoid.o
 .debug_abbrev  0x00000fc6       0x90 src/spi_driver.o
 .debug_abbrev  0x00001056      0x25c src/TWI_Master.o
 .debug_abbrev  0x000012b2      0x14d src/uart.o

.debug_line     0x00000000     0x1945
 *(.debug_line .debug_line.* .debug_line_end)
 .debug_line    0x00000000      0x2dd src/can.o
 .debug_line    0x000002dd      0x124 src/dac.o
 .debug_line    0x00000401      0x37e src/game_slave.o
 .debug_line    0x0000077f       0xe8 src/ir.o
 .debug_line    0x00000867      0x293 src/MCP2515.o
 .debug_line    0x00000afa      0x1e9 src/main.o
 .debug_line    0x00000ce3      0x3d8 src/motor.o
 .debug_line    0x000010bb      0x112 src/pi.o
 .debug_line    0x000011cd       0xe5 src/pwm.o
 .debug_line    0x000012b2      0x10c src/solenoid.o
 .debug_line    0x000013be      0x11c src/spi_driver.o
 .debug_line    0x000014da      0x306 src/TWI_Master.o
 .debug_line    0x000017e0      0x165 src/uart.o

.debug_frame    0x00000000      0x808
 *(.debug_frame)
 .debug_frame   0x00000000      0x144 src/can.o
 .debug_frame   0x00000144       0x44 src/dac.o
 .debug_frame   0x00000188      0x10c src/game_slave.o
 .debug_frame   0x00000294       0x34 src/ir.o
 .debug_frame   0x000002c8       0xf8 src/MCP2515.o
 .debug_frame   0x000003c0       0x24 src/main.o
 .debug_frame   0x000003e4      0x164 src/motor.o
 .debug_frame   0x00000548       0x64 src/pi.o
 .debug_frame   0x000005ac       0x34 src/pwm.o
 .debug_frame   0x000005e0       0x60 src/solenoid.o
 .debug_frame   0x00000640       0x54 src/spi_driver.o
 .debug_frame   0x00000694       0xf0 src/TWI_Master.o
 .debug_frame   0x00000784       0x84 src/uart.o

.debug_str      0x00000000      0xa0d
 *(.debug_str)
 .debug_str     0x00000000      0x375 src/can.o
                                0x3b9 (size before relaxing)
 .debug_str     0x00000375       0x5a src/dac.o
                                0x1e8 (size before relaxing)
 .debug_str     0x000003cf      0x226 src/game_slave.o
                                0x505 (size before relaxing)
 .debug_str     0x000005f5       0x14 src/ir.o
                                0x185 (size before relaxing)
 .debug_str     0x00000609       0x6b src/MCP2515.o
                                0x281 (size before relaxing)
 .debug_str     0x00000674       0x83 src/main.o
                                0x259 (size before relaxing)
 .debug_str     0x000006f7      0x169 src/motor.o
                                0x401 (size before relaxing)
 .debug_str     0x00000860       0x32 src/pi.o
                                0x1f2 (size before relaxing)
 .debug_str     0x00000892        0xd src/pwm.o
                                0x198 (size before relaxing)
 .debug_str     0x0000089f       0x1e src/solenoid.o
                                0x1a6 (size before relaxing)
 .debug_str     0x000008bd       0x14 src/spi_driver.o
                                0x1a6 (size before relaxing)
 .debug_str     0x000008d1       0xcf src/TWI_Master.o
                                0x2aa (size before relaxing)
 .debug_str     0x000009a0       0x6d src/uart.o
                                0x1fe (size before relaxing)

.debug_loc      0x00000000     0x1a6c
 *(.debug_loc)
 .debug_loc     0x00000000      0x418 src/can.o
 .debug_loc     0x00000418       0x82 src/dac.o
 .debug_loc     0x0000049a      0x829 src/game_slave.o
 .debug_loc     0x00000cc3      0x373 src/MCP2515.o
 .debug_loc     0x00001036      0x4e9 src/motor.o
 .debug_loc     0x0000151f      0x153 src/pi.o
 .debug_loc     0x00001672       0x2f src/pwm.o
 .debug_loc     0x000016a1       0x56 src/solenoid.o
 .debug_loc     0x000016f7       0x1f src/spi_driver.o
 .debug_loc     0x00001716      0x264 src/TWI_Master.o
 .debug_loc     0x0000197a       0xf2 src/uart.o

.debug_macinfo
 *(.debug_macinfo)

.debug_weaknames
 *(.debug_weaknames)

.debug_funcnames
 *(.debug_funcnames)

.debug_typenames
 *(.debug_typenames)

.debug_varnames
 *(.debug_varnames)

.debug_pubtypes
 *(.debug_pubtypes)

.debug_ranges   0x00000000      0x288
 *(.debug_ranges)
 .debug_ranges  0x00000000       0x30 src/can.o
 .debug_ranges  0x00000030       0x18 src/dac.o
 .debug_ranges  0x00000048       0x40 src/game_slave.o
 .debug_ranges  0x00000088       0x18 src/ir.o
 .debug_ranges  0x000000a0       0x50 src/MCP2515.o
 .debug_ranges  0x000000f0       0x10 src/main.o
 .debug_ranges  0x00000100       0x60 src/motor.o
 .debug_ranges  0x00000160       0x20 src/pi.o
 .debug_ranges  0x00000180       0x18 src/pwm.o
 .debug_ranges  0x00000198       0x20 src/solenoid.o
 .debug_ranges  0x000001b8       0x28 src/spi_driver.o
 .debug_ranges  0x000001e0       0x80 src/TWI_Master.o
 .debug_ranges  0x00000260       0x28 src/uart.o

.debug_macro
 *(.debug_macro)
OUTPUT(Node2.elf elf32-avr)
LOAD linker stubs
